Archive member included to satisfy reference by file (symbol)

D:/STMicroelectronics/STM32CubeIDE_1.14.0/STM32CubeIDE/plugins/com.st.stm32cube.ide.mcu.externaltools.gnu-tools-for-stm32.11.3.rel1.win32_1.1.100.202309141235/tools/bin/../lib/gcc/arm-none-eabi/11.3.1/../../../../arm-none-eabi/lib/thumb/v7e-m+fp/hard\libc_nano.a(libc_a-exit.o)
                              D:/STMicroelectronics/STM32CubeIDE_1.14.0/STM32CubeIDE/plugins/com.st.stm32cube.ide.mcu.externaltools.gnu-tools-for-stm32.11.3.rel1.win32_1.1.100.202309141235/tools/bin/../lib/gcc/arm-none-eabi/11.3.1/../../../../arm-none-eabi/lib/thumb/v7e-m+fp/hard/crt0.o (exit)
D:/STMicroelectronics/STM32CubeIDE_1.14.0/STM32CubeIDE/plugins/com.st.stm32cube.ide.mcu.externaltools.gnu-tools-for-stm32.11.3.rel1.win32_1.1.100.202309141235/tools/bin/../lib/gcc/arm-none-eabi/11.3.1/../../../../arm-none-eabi/lib/thumb/v7e-m+fp/hard\libc_nano.a(libc_a-findfp.o)
                              D:/STMicroelectronics/STM32CubeIDE_1.14.0/STM32CubeIDE/plugins/com.st.stm32cube.ide.mcu.externaltools.gnu-tools-for-stm32.11.3.rel1.win32_1.1.100.202309141235/tools/bin/../lib/gcc/arm-none-eabi/11.3.1/../../../../arm-none-eabi/lib/thumb/v7e-m+fp/hard\libc_nano.a(libc_a-exit.o) (__stdio_exit_handler)
D:/STMicroelectronics/STM32CubeIDE_1.14.0/STM32CubeIDE/plugins/com.st.stm32cube.ide.mcu.externaltools.gnu-tools-for-stm32.11.3.rel1.win32_1.1.100.202309141235/tools/bin/../lib/gcc/arm-none-eabi/11.3.1/../../../../arm-none-eabi/lib/thumb/v7e-m+fp/hard\libc_nano.a(libc_a-fwalk.o)
                              D:/STMicroelectronics/STM32CubeIDE_1.14.0/STM32CubeIDE/plugins/com.st.stm32cube.ide.mcu.externaltools.gnu-tools-for-stm32.11.3.rel1.win32_1.1.100.202309141235/tools/bin/../lib/gcc/arm-none-eabi/11.3.1/../../../../arm-none-eabi/lib/thumb/v7e-m+fp/hard\libc_nano.a(libc_a-findfp.o) (_fwalk_sglue)
D:/STMicroelectronics/STM32CubeIDE_1.14.0/STM32CubeIDE/plugins/com.st.stm32cube.ide.mcu.externaltools.gnu-tools-for-stm32.11.3.rel1.win32_1.1.100.202309141235/tools/bin/../lib/gcc/arm-none-eabi/11.3.1/../../../../arm-none-eabi/lib/thumb/v7e-m+fp/hard\libc_nano.a(libc_a-stdio.o)
                              D:/STMicroelectronics/STM32CubeIDE_1.14.0/STM32CubeIDE/plugins/com.st.stm32cube.ide.mcu.externaltools.gnu-tools-for-stm32.11.3.rel1.win32_1.1.100.202309141235/tools/bin/../lib/gcc/arm-none-eabi/11.3.1/../../../../arm-none-eabi/lib/thumb/v7e-m+fp/hard\libc_nano.a(libc_a-findfp.o) (__sread)
D:/STMicroelectronics/STM32CubeIDE_1.14.0/STM32CubeIDE/plugins/com.st.stm32cube.ide.mcu.externaltools.gnu-tools-for-stm32.11.3.rel1.win32_1.1.100.202309141235/tools/bin/../lib/gcc/arm-none-eabi/11.3.1/../../../../arm-none-eabi/lib/thumb/v7e-m+fp/hard\libc_nano.a(libc_a-memset.o)
                              D:/STMicroelectronics/STM32CubeIDE_1.14.0/STM32CubeIDE/plugins/com.st.stm32cube.ide.mcu.externaltools.gnu-tools-for-stm32.11.3.rel1.win32_1.1.100.202309141235/tools/bin/../lib/gcc/arm-none-eabi/11.3.1/../../../../arm-none-eabi/lib/thumb/v7e-m+fp/hard/crt0.o (memset)
D:/STMicroelectronics/STM32CubeIDE_1.14.0/STM32CubeIDE/plugins/com.st.stm32cube.ide.mcu.externaltools.gnu-tools-for-stm32.11.3.rel1.win32_1.1.100.202309141235/tools/bin/../lib/gcc/arm-none-eabi/11.3.1/../../../../arm-none-eabi/lib/thumb/v7e-m+fp/hard\libc_nano.a(libc_a-closer.o)
                              D:/STMicroelectronics/STM32CubeIDE_1.14.0/STM32CubeIDE/plugins/com.st.stm32cube.ide.mcu.externaltools.gnu-tools-for-stm32.11.3.rel1.win32_1.1.100.202309141235/tools/bin/../lib/gcc/arm-none-eabi/11.3.1/../../../../arm-none-eabi/lib/thumb/v7e-m+fp/hard\libc_nano.a(libc_a-stdio.o) (_close_r)
D:/STMicroelectronics/STM32CubeIDE_1.14.0/STM32CubeIDE/plugins/com.st.stm32cube.ide.mcu.externaltools.gnu-tools-for-stm32.11.3.rel1.win32_1.1.100.202309141235/tools/bin/../lib/gcc/arm-none-eabi/11.3.1/../../../../arm-none-eabi/lib/thumb/v7e-m+fp/hard\libc_nano.a(libc_a-reent.o)
                              D:/STMicroelectronics/STM32CubeIDE_1.14.0/STM32CubeIDE/plugins/com.st.stm32cube.ide.mcu.externaltools.gnu-tools-for-stm32.11.3.rel1.win32_1.1.100.202309141235/tools/bin/../lib/gcc/arm-none-eabi/11.3.1/../../../../arm-none-eabi/lib/thumb/v7e-m+fp/hard\libc_nano.a(libc_a-closer.o) (errno)
D:/STMicroelectronics/STM32CubeIDE_1.14.0/STM32CubeIDE/plugins/com.st.stm32cube.ide.mcu.externaltools.gnu-tools-for-stm32.11.3.rel1.win32_1.1.100.202309141235/tools/bin/../lib/gcc/arm-none-eabi/11.3.1/../../../../arm-none-eabi/lib/thumb/v7e-m+fp/hard\libc_nano.a(libc_a-impure.o)
                              D:/STMicroelectronics/STM32CubeIDE_1.14.0/STM32CubeIDE/plugins/com.st.stm32cube.ide.mcu.externaltools.gnu-tools-for-stm32.11.3.rel1.win32_1.1.100.202309141235/tools/bin/../lib/gcc/arm-none-eabi/11.3.1/../../../../arm-none-eabi/lib/thumb/v7e-m+fp/hard\libc_nano.a(libc_a-reent.o) (_impure_ptr)
[...]
Memory Configuration

Name             Origin             Length             Attributes
RAM              0x0000000020000000 0x0000000000020000 xrw
FLASH            0x0000000008000000 0x0000000000080000 xr
*default*        0x0000000000000000 0xffffffffffffffff

Linker script and memory map

LOAD D:/STMicroelectronics/STM32CubeIDE_1.14.0/STM32CubeIDE/plugins/com.st.stm32cube.ide.mcu.externaltools.gnu-tools-for-stm32.11.3.rel1.win32_1.1.100.202309141235/tools/bin/../lib/gcc/arm-none-eabi/11.3.1/thumb/v7e-m+fp/hard/crti.o
LOAD D:/STMicroelectronics/STM32CubeIDE_1.14.0/STM32CubeIDE/plugins/com.st.stm32cube.ide.mcu.externaltools.gnu-tools-for-stm32.11.3.rel1.win32_1.1.100.202309141235/tools/bin/../lib/gcc/arm-none-eabi/11.3.1/thumb/v7e-m+fp/hard/crtbegin.o
LOAD D:/STMicroelectronics/STM32CubeIDE_1.14.0/STM32CubeIDE/plugins/com.st.stm32cube.ide.mcu.externaltools.gnu-tools-for-stm32.11.3.rel1.win32_1.1.100.202309141235/tools/bin/../lib/gcc/arm-none-eabi/11.3.1/../../../../arm-none-eabi/lib/thumb/v7e-m+fp/hard/crt0.o
LOAD ./Core/Src/Quantum_Leaps/LED_Control.o
LOAD ./Core/Src/main.o
LOAD ./Core/Src/stm32f4xx_hal_msp.o
LOAD ./Core/Src/stm32f4xx_it.o
LOAD ./Core/Src/syscalls.o
LOAD ./Core/Src/sysmem.o
LOAD ./Core/Src/system_stm32f4xx.o
LOAD ./Core/Startup/startup_stm32f446retx.o
LOAD ./Drivers/STM32F4xx_HAL_Driver/Src/stm32f4xx_hal.o
LOAD ./Drivers/STM32F4xx_HAL_Driver/Src/stm32f4xx_hal_cortex.o
LOAD ./Drivers/STM32F4xx_HAL_Driver/Src/stm32f4xx_hal_dma.o
LOAD ./Drivers/STM32F4xx_HAL_Driver/Src/stm32f4xx_hal_dma_ex.o
LOAD ./Drivers/STM32F4xx_HAL_Driver/Src/stm32f4xx_hal_exti.o
LOAD ./Drivers/STM32F4xx_HAL_Driver/Src/stm32f4xx_hal_flash.o
LOAD ./Drivers/STM32F4xx_HAL_Driver/Src/stm32f4xx_hal_flash_ex.o
LOAD ./Drivers/STM32F4xx_HAL_Driver/Src/stm32f4xx_hal_flash_ramfunc.o
LOAD ./Drivers/STM32F4xx_HAL_Driver/Src/stm32f4xx_hal_gpio.o
LOAD ./Drivers/STM32F4xx_HAL_Driver/Src/stm32f4xx_hal_pwr.o
LOAD ./Drivers/STM32F4xx_HAL_Driver/Src/stm32f4xx_hal_pwr_ex.o
LOAD ./Drivers/STM32F4xx_HAL_Driver/Src/stm32f4xx_hal_rcc.o
LOAD ./Drivers/STM32F4xx_HAL_Driver/Src/stm32f4xx_hal_rcc_ex.o
LOAD ./Drivers/STM32F4xx_HAL_Driver/Src/stm32f4xx_hal_tim.o
LOAD ./Drivers/STM32F4xx_HAL_Driver/Src/stm32f4xx_hal_tim_ex.o
LOAD ./Drivers/STM32F4xx_HAL_Driver/Src/stm32f4xx_hal_uart.o
LOAD ./Middlewares/Third_Party/QuantumLeaps_RTEF_qpc/ports/arm-cm/qk/gnu/qk_port.o
LOAD ./Middlewares/Third_Party/QuantumLeaps_RTEF_qpc/src/qf/qep_hsm.o
LOAD ./Middlewares/Third_Party/QuantumLeaps_RTEF_qpc/src/qf/qep_msm.o
LOAD ./Middlewares/Third_Party/QuantumLeaps_RTEF_qpc/src/qf/qf_act.o
LOAD ./Middlewares/Third_Party/QuantumLeaps_RTEF_qpc/src/qf/qf_actq.o
LOAD ./Middlewares/Third_Party/QuantumLeaps_RTEF_qpc/src/qf/qf_defer.o
LOAD ./Middlewares/Third_Party/QuantumLeaps_RTEF_qpc/src/qf/qf_dyn.o
LOAD ./Middlewares/Third_Party/QuantumLeaps_RTEF_qpc/src/qf/qf_mem.o
LOAD ./Middlewares/Third_Party/QuantumLeaps_RTEF_qpc/src/qf/qf_ps.o
LOAD ./Middlewares/Third_Party/QuantumLeaps_RTEF_qpc/src/qf/qf_qact.o
LOAD ./Middlewares/Third_Party/QuantumLeaps_RTEF_qpc/src/qf/qf_qeq.o
LOAD ./Middlewares/Third_Party/QuantumLeaps_RTEF_qpc/src/qf/qf_qmact.o
LOAD ./Middlewares/Third_Party/QuantumLeaps_RTEF_qpc/src/qf/qf_time.o
LOAD ./Middlewares/Third_Party/QuantumLeaps_RTEF_qpc/src/qk/qk.o
START GROUP
LOAD D:/STMicroelectronics/STM32CubeIDE_1.14.0/STM32CubeIDE/plugins/com.st.stm32cube.ide.mcu.externaltools.gnu-tools-for-stm32.11.3.rel1.win32_1.1.100.202309141235/tools/bin/../lib/gcc/arm-none-eabi/11.3.1/../../../../arm-none-eabi/lib/thumb/v7e-m+fp/hard\libc_nano.a
LOAD D:/STMicroelectronics/STM32CubeIDE_1.14.0/STM32CubeIDE/plugins/com.st.stm32cube.ide.mcu.externaltools.gnu-tools-for-stm32.11.3.rel1.win32_1.1.100.202309141235/tools/bin/../lib/gcc/arm-none-eabi/11.3.1/../../../../arm-none-eabi/lib/thumb/v7e-m+fp/hard\libm.a
END GROUP
START GROUP
LOAD D:/STMicroelectronics/STM32CubeIDE_1.14.0/STM32CubeIDE/plugins/com.st.stm32cube.ide.mcu.externaltools.gnu-tools-for-stm32.11.3.rel1.win32_1.1.100.202309141235/tools/bin/../lib/gcc/arm-none-eabi/11.3.1/thumb/v7e-m+fp/hard\libgcc.a
LOAD D:/STMicroelectronics/STM32CubeIDE_1.14.0/STM32CubeIDE/plugins/com.st.stm32cube.ide.mcu.externaltools.gnu-tools-for-stm32.11.3.rel1.win32_1.1.100.202309141235/tools/bin/../lib/gcc/arm-none-eabi/11.3.1/../../../../arm-none-eabi/lib/thumb/v7e-m+fp/hard\libc_nano.a
END GROUP
START GROUP
LOAD D:/STMicroelectronics/STM32CubeIDE_1.14.0/STM32CubeIDE/plugins/com.st.stm32cube.ide.mcu.externaltools.gnu-tools-for-stm32.11.3.rel1.win32_1.1.100.202309141235/tools/bin/../lib/gcc/arm-none-eabi/11.3.1/thumb/v7e-m+fp/hard\libgcc.a
LOAD D:/STMicroelectronics/STM32CubeIDE_1.14.0/STM32CubeIDE/plugins/com.st.stm32cube.ide.mcu.externaltools.gnu-tools-for-stm32.11.3.rel1.win32_1.1.100.202309141235/tools/bin/../lib/gcc/arm-none-eabi/11.3.1/../../../../arm-none-eabi/lib/thumb/v7e-m+fp/hard\libc_nano.a
LOAD D:/STMicroelectronics/STM32CubeIDE_1.14.0/STM32CubeIDE/plugins/com.st.stm32cube.ide.mcu.externaltools.gnu-tools-for-stm32.11.3.rel1.win32_1.1.100.202309141235/tools/bin/../lib/gcc/arm-none-eabi/11.3.1/../../../../arm-none-eabi/lib/thumb/v7e-m+fp/hard\libnosys.a
END GROUP
START GROUP
LOAD D:/STMicroelectronics/STM32CubeIDE_1.14.0/STM32CubeIDE/plugins/com.st.stm32cube.ide.mcu.externaltools.gnu-tools-for-stm32.11.3.rel1.win32_1.1.100.202309141235/tools/bin/../lib/gcc/arm-none-eabi/11.3.1/thumb/v7e-m+fp/hard\libgcc.a
LOAD D:/STMicroelectronics/STM32CubeIDE_1.14.0/STM32CubeIDE/plugins/com.st.stm32cube.ide.mcu.externaltools.gnu-tools-for-stm32.11.3.rel1.win32_1.1.100.202309141235/tools/bin/../lib/gcc/arm-none-eabi/11.3.1/../../../../arm-none-eabi/lib/thumb/v7e-m+fp/hard\libc_nano.a
LOAD D:/STMicroelectronics/STM32CubeIDE_1.14.0/STM32CubeIDE/plugins/com.st.stm32cube.ide.mcu.externaltools.gnu-tools-for-stm32.11.3.rel1.win32_1.1.100.202309141235/tools/bin/../lib/gcc/arm-none-eabi/11.3.1/../../../../arm-none-eabi/lib/thumb/v7e-m+fp/hard\libnosys.a
END GROUP
LOAD D:/STMicroelectronics/STM32CubeIDE_1.14.0/STM32CubeIDE/plugins/com.st.stm32cube.ide.mcu.externaltools.gnu-tools-for-stm32.11.3.rel1.win32_1.1.100.202309141235/tools/bin/../lib/gcc/arm-none-eabi/11.3.1/thumb/v7e-m+fp/hard/crtend.o
LOAD D:/STMicroelectronics/STM32CubeIDE_1.14.0/STM32CubeIDE/plugins/com.st.stm32cube.ide.mcu.externaltools.gnu-tools-for-stm32.11.3.rel1.win32_1.1.100.202309141235/tools/bin/../lib/gcc/arm-none-eabi/11.3.1/thumb/v7e-m+fp/hard/crtn.o
                0x0000000020020000                _estack = (ORIGIN (RAM) + LENGTH (RAM))
                0x0000000000000200                _Min_Heap_Size = 0x200
                0x0000000000000400                _Min_Stack_Size = 0x400

.isr_vector     0x0000000008000000      0x1c4
                0x0000000008000000                . = ALIGN (0x4)
 *(.isr_vector)
 .isr_vector    0x0000000008000000      0x1c4 ./Core/Startup/startup_stm32f446retx.o
                0x0000000008000000                g_pfnVectors
                0x00000000080001c4                . = ALIGN (0x4)

.text           0x00000000080001c4     0x34d0
                0x00000000080001c4                . = ALIGN (0x4)
 *(.text)
 .text          0x00000000080001c4       0x40 D:/STMicroelectronics/STM32CubeIDE_1.14.0/STM32CubeIDE/plugins/com.st.stm32cube.ide.mcu.externaltools.gnu-tools-for-stm32.11.3.rel1.win32_1.1.100.202309141235/tools/bin/../lib/gcc/arm-none-eabi/11.3.1/thumb/v7e-m+fp/hard/crtbegin.o
 .text          0x0000000008000204       0x30 D:/STMicroelectronics/STM32CubeIDE_1.14.0/STM32CubeIDE/plugins/com.st.stm32cube.ide.mcu.externaltools.gnu-tools-for-stm32.11.3.rel1.win32_1.1.100.202309141235/tools/bin/../lib/gcc/arm-none-eabi/11.3.1/thumb/v7e-m+fp/hard\libgcc.a(_aeabi_uldivmod.o)
                0x0000000008000204                __aeabi_uldivmod
 .text          0x0000000008000234      0x2c8 D:/STMicroelectronics/STM32CubeIDE_1.14.0/STM32CubeIDE/plugins/com.st.stm32cube.ide.mcu.externaltools.gnu-tools-for-stm32.11.3.rel1.win32_1.1.100.202309141235/tools/bin/../lib/gcc/arm-none-eabi/11.3.1/thumb/v7e-m+fp/hard\libgcc.a(_udivmoddi4.o)
                0x0000000008000234                __udivmoddi4
 .text          0x00000000080004fc        0x4 D:/STMicroelectronics/STM32CubeIDE_1.14.0/STM32CubeIDE/plugins/com.st.stm32cube.ide.mcu.externaltools.gnu-tools-for-stm32.11.3.rel1.win32_1.1.100.202309141235/tools/bin/../lib/gcc/arm-none-eabi/11.3.1/thumb/v7e-m+fp/hard\libgcc.a(_dvmd_tls.o)
                0x00000000080004fc                __aeabi_idiv0
                0x00000000080004fc                __aeabi_ldiv0
 *(.text*)
 .text.Led_Control_QHSM_Ctor
                0x0000000008000500       0x1c ./Core/Src/Quantum_Leaps/LED_Control.o
                0x0000000008000500                Led_Control_QHSM_Ctor
 .text.Led_Control_initial
                0x000000000800051c       0x24 ./Core/Src/Quantum_Leaps/LED_Control.o
                0x000000000800051c                Led_Control_initial
 .text.Led_Control_LED_CONTROL
                0x0000000008000540       0x28 ./Core/Src/Quantum_Leaps/LED_Control.o
                0x0000000008000540                Led_Control_LED_CONTROL
 .text.Led_Control_LED_OFF
                0x0000000008000568       0x40 ./Core/Src/Quantum_Leaps/LED_Control.o
                0x0000000008000568                Led_Control_LED_OFF
 .text.Led_Control_LED_DIM
                0x00000000080005a8       0x58 ./Core/Src/Quantum_Leaps/LED_Control.o
                0x00000000080005a8                Led_Control_LED_DIM
 .text.Led_Control_LED_MEDIUM
                0x0000000008000600       0x58 ./Core/Src/Quantum_Leaps/LED_Control.o
                0x0000000008000600                Led_Control_LED_MEDIUM
 .text.Led_Control_LED_FULL
                0x0000000008000658       0x54 ./Core/Src/Quantum_Leaps/LED_Control.o
                0x0000000008000658                Led_Control_LED_FULL
 .text.main     0x00000000080006ac       0x1e ./Core/Src/main.o
                0x00000000080006ac                main
 *fill*         0x00000000080006ca        0x2 
 .text.SystemClock_Config
                0x00000000080006cc       0xdc ./Core/Src/main.o
                0x00000000080006cc                SystemClock_Config
 .text.MX_TIM1_Init
                0x00000000080007a8       0xac ./Core/Src/main.o
 .text.MX_USART2_UART_Init
                0x0000000008000854       0x54 ./Core/Src/main.o
 .text.MX_GPIO_Init
                0x00000000080008a8       0xfc ./Core/Src/main.o
 .text.Q_onError
                0x00000000080009a4        0xc ./Core/Src/main.o
                0x00000000080009a4                Q_onError
 .text.Error_Handler
                0x00000000080009b0        0xa ./Core/Src/main.o
                0x00000000080009b0                Error_Handler
 *fill*         0x00000000080009ba        0x2 
 .text.HAL_MspInit
                0x00000000080009bc       0x50 ./Core/Src/stm32f4xx_hal_msp.o
                0x00000000080009bc                HAL_MspInit
 .text.HAL_TIM_IC_MspInit
                0x0000000008000a0c       0x90 ./Core/Src/stm32f4xx_hal_msp.o
                0x0000000008000a0c                HAL_TIM_IC_MspInit
 .text.HAL_UART_MspInit
                0x0000000008000a9c       0x90 ./Core/Src/stm32f4xx_hal_msp.o
                0x0000000008000a9c                HAL_UART_MspInit
 .text.HardFault_Handler
                0x0000000008000b2c        0x6 ./Core/Src/stm32f4xx_it.o
                0x0000000008000b2c                HardFault_Handler
 .text.MemManage_Handler
                0x0000000008000b32        0x6 ./Core/Src/stm32f4xx_it.o
                0x0000000008000b32                MemManage_Handler
 .text.BusFault_Handler
                0x0000000008000b38        0x6 ./Core/Src/stm32f4xx_it.o
                0x0000000008000b38                BusFault_Handler
 .text.UsageFault_Handler
                0x0000000008000b3e        0x6 ./Core/Src/stm32f4xx_it.o
                0x0000000008000b3e                UsageFault_Handler
 .text.SVC_Handler
                0x0000000008000b44        0xe ./Core/Src/stm32f4xx_it.o
                0x0000000008000b44                SVC_Handler
 .text.DebugMon_Handler
                0x0000000008000b52        0xe ./Core/Src/stm32f4xx_it.o
                0x0000000008000b52                DebugMon_Handler
 .text.SysTick_Handler
                0x0000000008000b60        0xc ./Core/Src/stm32f4xx_it.o
                0x0000000008000b60                SysTick_Handler
 .text.SystemInit
                0x0000000008000b6c       0x24 ./Core/Src/system_stm32f4xx.o
                0x0000000008000b6c                SystemInit
 .text.Reset_Handler
                0x0000000008000b90       0x50 ./Core/Startup/startup_stm32f446retx.o
                0x0000000008000b90                Reset_Handler
 .text.Default_Handler
                0x0000000008000be0        0x2 ./Core/Startup/startup_stm32f446retx.o
                0x0000000008000be0                RTC_Alarm_IRQHandler
                0x0000000008000be0                EXTI2_IRQHandler
                0x0000000008000be0                TIM8_CC_IRQHandler
                0x0000000008000be0                FMPI2C1_EV_IRQHandler
                0x0000000008000be0                SPI4_IRQHandler
                0x0000000008000be0                TIM1_CC_IRQHandler
                0x0000000008000be0                DMA2_Stream5_IRQHandler
                0x0000000008000be0                DMA1_Stream5_IRQHandler
                0x0000000008000be0                PVD_IRQHandler
                0x0000000008000be0                SDIO_IRQHandler
                0x0000000008000be0                TAMP_STAMP_IRQHandler
                0x0000000008000be0                CAN2_RX1_IRQHandler
                0x0000000008000be0                EXTI3_IRQHandler
                0x0000000008000be0                TIM8_TRG_COM_TIM14_IRQHandler
                0x0000000008000be0                TIM1_UP_TIM10_IRQHandler
                0x0000000008000be0                TIM8_UP_TIM13_IRQHandler
                0x0000000008000be0                I2C3_ER_IRQHandler
                0x0000000008000be0                EXTI0_IRQHandler
                0x0000000008000be0                I2C2_EV_IRQHandler
                0x0000000008000be0                DMA1_Stream2_IRQHandler
                0x0000000008000be0                CAN1_RX0_IRQHandler
                0x0000000008000be0                FPU_IRQHandler
                0x0000000008000be0                OTG_HS_WKUP_IRQHandler
                0x0000000008000be0                CAN2_SCE_IRQHandler
                0x0000000008000be0                DMA2_Stream2_IRQHandler
                0x0000000008000be0                SPI1_IRQHandler
                0x0000000008000be0                TIM6_DAC_IRQHandler
                0x0000000008000be0                TIM1_BRK_TIM9_IRQHandler
                0x0000000008000be0                DCMI_IRQHandler
                0x0000000008000be0                CAN2_RX0_IRQHandler
                0x0000000008000be0                DMA2_Stream3_IRQHandler
                0x0000000008000be0                SAI2_IRQHandler
                0x0000000008000be0                USART6_IRQHandler
                0x0000000008000be0                USART3_IRQHandler
                0x0000000008000be0                CAN1_RX1_IRQHandler
                0x0000000008000be0                UART5_IRQHandler
                0x0000000008000be0                DMA2_Stream0_IRQHandler
                0x0000000008000be0                TIM4_IRQHandler
                0x0000000008000be0                QUADSPI_IRQHandler
                0x0000000008000be0                I2C1_EV_IRQHandler
                0x0000000008000be0                DMA1_Stream6_IRQHandler
                0x0000000008000be0                DMA1_Stream1_IRQHandler
                0x0000000008000be0                UART4_IRQHandler
                0x0000000008000be0                TIM3_IRQHandler
                0x0000000008000be0                RCC_IRQHandler
                0x0000000008000be0                TIM8_BRK_TIM12_IRQHandler
                0x0000000008000be0                Default_Handler
                0x0000000008000be0                CEC_IRQHandler
                0x0000000008000be0                EXTI15_10_IRQHandler
                0x0000000008000be0                ADC_IRQHandler
                0x0000000008000be0                DMA1_Stream7_IRQHandler
                0x0000000008000be0                TIM7_IRQHandler
                0x0000000008000be0                CAN2_TX_IRQHandler
                0x0000000008000be0                TIM5_IRQHandler
                0x0000000008000be0                DMA2_Stream7_IRQHandler
                0x0000000008000be0                I2C3_EV_IRQHandler
                0x0000000008000be0                EXTI9_5_IRQHandler
                0x0000000008000be0                RTC_WKUP_IRQHandler
                0x0000000008000be0                SPDIF_RX_IRQHandler
                0x0000000008000be0                SPI2_IRQHandler
                0x0000000008000be0                OTG_HS_EP1_IN_IRQHandler
                0x0000000008000be0                DMA1_Stream0_IRQHandler
                0x0000000008000be0                CAN1_TX_IRQHandler
                0x0000000008000be0                FMPI2C1_ER_IRQHandler
                0x0000000008000be0                EXTI4_IRQHandler
                0x0000000008000be0                OTG_HS_EP1_OUT_IRQHandler
                0x0000000008000be0                WWDG_IRQHandler
                0x0000000008000be0                TIM2_IRQHandler
                0x0000000008000be0                OTG_FS_WKUP_IRQHandler
                0x0000000008000be0                TIM1_TRG_COM_TIM11_IRQHandler
                0x0000000008000be0                OTG_HS_IRQHandler
                0x0000000008000be0                EXTI1_IRQHandler
                0x0000000008000be0                USART2_IRQHandler
                0x0000000008000be0                I2C2_ER_IRQHandler
                0x0000000008000be0                DMA2_Stream1_IRQHandler
                0x0000000008000be0                CAN1_SCE_IRQHandler
                0x0000000008000be0                FLASH_IRQHandler
                0x0000000008000be0                DMA2_Stream4_IRQHandler
                0x0000000008000be0                USART1_IRQHandler
                0x0000000008000be0                OTG_FS_IRQHandler
                0x0000000008000be0                SPI3_IRQHandler
                0x0000000008000be0                DMA1_Stream4_IRQHandler
                0x0000000008000be0                I2C1_ER_IRQHandler
                0x0000000008000be0                FMC_IRQHandler
                0x0000000008000be0                DMA2_Stream6_IRQHandler
                0x0000000008000be0                SAI1_IRQHandler
                0x0000000008000be0                DMA1_Stream3_IRQHandler
 *fill*         0x0000000008000be2        0x2 
 .text.HAL_Init
                0x0000000008000be4       0x44 ./Drivers/STM32F4xx_HAL_Driver/Src/stm32f4xx_hal.o
                0x0000000008000be4                HAL_Init
 .text.HAL_InitTick
                0x0000000008000c28       0x60 ./Drivers/STM32F4xx_HAL_Driver/Src/stm32f4xx_hal.o
                0x0000000008000c28                HAL_InitTick
 .text.HAL_IncTick
                0x0000000008000c88       0x28 ./Drivers/STM32F4xx_HAL_Driver/Src/stm32f4xx_hal.o
                0x0000000008000c88                HAL_IncTick
 .text.HAL_GetTick
                0x0000000008000cb0       0x18 ./Drivers/STM32F4xx_HAL_Driver/Src/stm32f4xx_hal.o
                0x0000000008000cb0                HAL_GetTick
 .text.__NVIC_SetPriorityGrouping
                0x0000000008000cc8       0x48 ./Drivers/STM32F4xx_HAL_Driver/Src/stm32f4xx_hal_cortex.o
 .text.__NVIC_GetPriorityGrouping
                0x0000000008000d10       0x1c ./Drivers/STM32F4xx_HAL_Driver/Src/stm32f4xx_hal_cortex.o
 .text.__NVIC_SetPriority
                0x0000000008000d2c       0x54 ./Drivers/STM32F4xx_HAL_Driver/Src/stm32f4xx_hal_cortex.o
 .text.NVIC_EncodePriority
                0x0000000008000d80       0x66 ./Drivers/STM32F4xx_HAL_Driver/Src/stm32f4xx_hal_cortex.o
 *fill*         0x0000000008000de6        0x2 
 .text.SysTick_Config
                0x0000000008000de8       0x44 ./Drivers/STM32F4xx_HAL_Driver/Src/stm32f4xx_hal_cortex.o
 .text.HAL_NVIC_SetPriorityGrouping
                0x0000000008000e2c       0x16 ./Drivers/STM32F4xx_HAL_Driver/Src/stm32f4xx_hal_cortex.o
                0x0000000008000e2c                HAL_NVIC_SetPriorityGrouping
 .text.HAL_NVIC_SetPriority
                0x0000000008000e42       0x38 ./Drivers/STM32F4xx_HAL_Driver/Src/stm32f4xx_hal_cortex.o
                0x0000000008000e42                HAL_NVIC_SetPriority
 .text.HAL_SYSTICK_Config
                0x0000000008000e7a       0x18 ./Drivers/STM32F4xx_HAL_Driver/Src/stm32f4xx_hal_cortex.o
                0x0000000008000e7a                HAL_SYSTICK_Config
 *fill*         0x0000000008000e92        0x2 
 .text.HAL_GPIO_Init
                0x0000000008000e94      0x328 ./Drivers/STM32F4xx_HAL_Driver/Src/stm32f4xx_hal_gpio.o
                0x0000000008000e94                HAL_GPIO_Init
 .text.HAL_GPIO_WritePin
                0x00000000080011bc       0x32 ./Drivers/STM32F4xx_HAL_Driver/Src/stm32f4xx_hal_gpio.o
                0x00000000080011bc                HAL_GPIO_WritePin
 *fill*         0x00000000080011ee        0x2 
 .text.HAL_RCC_ClockConfig
                0x00000000080011f0      0x1cc ./Drivers/STM32F4xx_HAL_Driver/Src/stm32f4xx_hal_rcc.o
                0x00000000080011f0                HAL_RCC_ClockConfig
 .text.HAL_RCC_GetHCLKFreq
                0x00000000080013bc       0x18 ./Drivers/STM32F4xx_HAL_Driver/Src/stm32f4xx_hal_rcc.o
                0x00000000080013bc                HAL_RCC_GetHCLKFreq
 .text.HAL_RCC_GetPCLK1Freq
                0x00000000080013d4       0x28 ./Drivers/STM32F4xx_HAL_Driver/Src/stm32f4xx_hal_rcc.o
                0x00000000080013d4                HAL_RCC_GetPCLK1Freq
 .text.HAL_RCC_GetPCLK2Freq
                0x00000000080013fc       0x28 ./Drivers/STM32F4xx_HAL_Driver/Src/stm32f4xx_hal_rcc.o
                0x00000000080013fc                HAL_RCC_GetPCLK2Freq
 .text.HAL_RCC_GetSysClockFreq
                0x0000000008001424      0x460 ./Drivers/STM32F4xx_HAL_Driver/Src/stm32f4xx_hal_rcc_ex.o
                0x0000000008001424                HAL_RCC_GetSysClockFreq
 .text.HAL_RCC_OscConfig
                0x0000000008001884      0x53c ./Drivers/STM32F4xx_HAL_Driver/Src/stm32f4xx_hal_rcc_ex.o
                0x0000000008001884                HAL_RCC_OscConfig
 .text.HAL_TIM_IC_Init
                0x0000000008001dc0       0x9e ./Drivers/STM32F4xx_HAL_Driver/Src/stm32f4xx_hal_tim.o
                0x0000000008001dc0                HAL_TIM_IC_Init
 .text.HAL_TIM_IC_ConfigChannel
                0x0000000008001e5e      0x138 ./Drivers/STM32F4xx_HAL_Driver/Src/stm32f4xx_hal_tim.o
                0x0000000008001e5e                HAL_TIM_IC_ConfigChannel
 *fill*         0x0000000008001f96        0x2 
 .text.TIM_Base_SetConfig
                0x0000000008001f98      0x158 ./Drivers/STM32F4xx_HAL_Driver/Src/stm32f4xx_hal_tim.o
                0x0000000008001f98                TIM_Base_SetConfig
 .text.TIM_TI1_SetConfig
                0x00000000080020f0       0xe8 ./Drivers/STM32F4xx_HAL_Driver/Src/stm32f4xx_hal_tim.o
                0x00000000080020f0                TIM_TI1_SetConfig
 .text.TIM_TI2_SetConfig
                0x00000000080021d8       0x7a ./Drivers/STM32F4xx_HAL_Driver/Src/stm32f4xx_hal_tim.o
 .text.TIM_TI3_SetConfig
                0x0000000008002252       0x78 ./Drivers/STM32F4xx_HAL_Driver/Src/stm32f4xx_hal_tim.o
 .text.TIM_TI4_SetConfig
                0x00000000080022ca       0x7a ./Drivers/STM32F4xx_HAL_Driver/Src/stm32f4xx_hal_tim.o
 .text.HAL_TIMEx_MasterConfigSynchronization
                0x0000000008002344       0xf8 ./Drivers/STM32F4xx_HAL_Driver/Src/stm32f4xx_hal_tim_ex.o
                0x0000000008002344                HAL_TIMEx_MasterConfigSynchronization
 .text.HAL_UART_Init
                0x000000000800243c       0xa0 ./Drivers/STM32F4xx_HAL_Driver/Src/stm32f4xx_hal_uart.o
                0x000000000800243c                HAL_UART_Init
 .text.UART_SetConfig
                0x00000000080024dc      0x4e8 ./Drivers/STM32F4xx_HAL_Driver/Src/stm32f4xx_hal_uart.o
 .text.QF_int_disable_
                0x00000000080029c4       0x24 ./Middlewares/Third_Party/QuantumLeaps_RTEF_qpc/ports/arm-cm/qk/gnu/qk_port.o
                0x00000000080029c4                QF_int_disable_
 .text.QF_int_enable_
                0x00000000080029e8       0x24 ./Middlewares/Third_Party/QuantumLeaps_RTEF_qpc/ports/arm-cm/qk/gnu/qk_port.o
                0x00000000080029e8                QF_int_enable_
 .text.QF_crit_entry_
                0x0000000008002a0c       0x24 ./Middlewares/Third_Party/QuantumLeaps_RTEF_qpc/ports/arm-cm/qk/gnu/qk_port.o
                0x0000000008002a0c                QF_crit_entry_
 .text.QF_crit_exit_
                0x0000000008002a30       0x24 ./Middlewares/Third_Party/QuantumLeaps_RTEF_qpc/ports/arm-cm/qk/gnu/qk_port.o
                0x0000000008002a30                QF_crit_exit_
 .text.PendSV_Handler
                0x0000000008002a54       0x44 ./Middlewares/Third_Party/QuantumLeaps_RTEF_qpc/ports/arm-cm/qk/gnu/qk_port.o
                0x0000000008002a54                PendSV_Handler
 .text.QK_thread_ret
                0x0000000008002a98       0x24 ./Middlewares/Third_Party/QuantumLeaps_RTEF_qpc/ports/arm-cm/qk/gnu/qk_port.o
                0x0000000008002a98                QK_thread_ret
 .text.NMI_Handler
                0x0000000008002abc       0x10 ./Middlewares/Third_Party/QuantumLeaps_RTEF_qpc/ports/arm-cm/qk/gnu/qk_port.o
                0x0000000008002abc                NMI_Handler
 .text.QEvt_verify_
                0x0000000008002acc       0x32 ./Middlewares/Third_Party/QuantumLeaps_RTEF_qpc/src/qf/qep_hsm.o
 *fill*         0x0000000008002afe        0x2 
 .text.QHsm_ctor
                0x0000000008002b00       0x30 ./Middlewares/Third_Party/QuantumLeaps_RTEF_qpc/src/qf/qep_hsm.o
                0x0000000008002b00                QHsm_ctor
 .text.QHsm_init_
                0x0000000008002b30      0x154 ./Middlewares/Third_Party/QuantumLeaps_RTEF_qpc/src/qf/qep_hsm.o
                0x0000000008002b30                QHsm_init_
 .text.QHsm_dispatch_
                0x0000000008002c84      0x218 ./Middlewares/Third_Party/QuantumLeaps_RTEF_qpc/src/qf/qep_hsm.o
                0x0000000008002c84                QHsm_dispatch_
 .text.QHsm_isIn_
                0x0000000008002e9c       0xa4 ./Middlewares/Third_Party/QuantumLeaps_RTEF_qpc/src/qf/qep_hsm.o
                0x0000000008002e9c                QHsm_isIn_
 .text.QHsm_tran_
                0x0000000008002f40      0x208 ./Middlewares/Third_Party/QuantumLeaps_RTEF_qpc/src/qf/qep_hsm.o
                0x0000000008002f40                QHsm_tran_
 .text.QHsm_top
                0x0000000008003148       0x18 ./Middlewares/Third_Party/QuantumLeaps_RTEF_qpc/src/qf/qep_hsm.o
                0x0000000008003148                QHsm_top
 .text.QActive_get_
                0x0000000008003160       0xa4 ./Middlewares/Third_Party/QuantumLeaps_RTEF_qpc/src/qf/qf_actq.o
                0x0000000008003160                QActive_get_
 .text.QEvt_verify_
                0x0000000008003204       0x32 ./Middlewares/Third_Party/QuantumLeaps_RTEF_qpc/src/qf/qf_dyn.o
 .text.QEvt_getPoolNum_
                0x0000000008003236       0x1c ./Middlewares/Third_Party/QuantumLeaps_RTEF_qpc/src/qf/qf_dyn.o
 .text.QEvt_refCtr_dec_
                0x0000000008003252       0x22 ./Middlewares/Third_Party/QuantumLeaps_RTEF_qpc/src/qf/qf_dyn.o
 .text.QF_gc    0x0000000008003274       0x94 ./Middlewares/Third_Party/QuantumLeaps_RTEF_qpc/src/qf/qf_dyn.o
                0x0000000008003274                QF_gc
 .text.QMPool_put
                0x0000000008003308       0x74 ./Middlewares/Third_Party/QuantumLeaps_RTEF_qpc/src/qf/qf_mem.o
                0x0000000008003308                QMPool_put
 .text.QPSet_isEmpty
                0x000000000800337c       0x22 ./Middlewares/Third_Party/QuantumLeaps_RTEF_qpc/src/qk/qk.o
 .text.QPSet_remove
                0x000000000800339e       0x2c ./Middlewares/Third_Party/QuantumLeaps_RTEF_qpc/src/qk/qk.o
 .text.QPSet_findMax
                0x00000000080033ca       0x20 ./Middlewares/Third_Party/QuantumLeaps_RTEF_qpc/src/qk/qk.o
 .text.QPSet_update_
                0x00000000080033ea       0x20 ./Middlewares/Third_Party/QuantumLeaps_RTEF_qpc/src/qk/qk.o
 .text.QPSet_verify_
                0x000000000800340a       0x2a ./Middlewares/Third_Party/QuantumLeaps_RTEF_qpc/src/qk/qk.o
 .text.QK_activate_
                0x0000000008003434      0x1f0 ./Middlewares/Third_Party/QuantumLeaps_RTEF_qpc/src/qk/qk.o
                0x0000000008003434                QK_activate_
 .text.memset   0x0000000008003624       0x10 D:/STMicroelectronics/STM32CubeIDE_1.14.0/STM32CubeIDE/plugins/com.st.stm32cube.ide.mcu.externaltools.gnu-tools-for-stm32.11.3.rel1.win32_1.1.100.202309141235/tools/bin/../lib/gcc/arm-none-eabi/11.3.1/../../../../arm-none-eabi/lib/thumb/v7e-m+fp/hard\libc_nano.a(libc_a-memset.o)
                0x0000000008003624                memset
 .text.__libc_init_array
                0x0000000008003634       0x48 D:/STMicroelectronics/STM32CubeIDE_1.14.0/STM32CubeIDE/plugins/com.st.stm32cube.ide.mcu.externaltools.gnu-tools-for-stm32.11.3.rel1.win32_1.1.100.202309141235/tools/bin/../lib/gcc/arm-none-eabi/11.3.1/../../../../arm-none-eabi/lib/thumb/v7e-m+fp/hard\libc_nano.a(libc_a-init.o)
                0x0000000008003634                __libc_init_array
 *(.glue_7)
 .glue_7        0x000000000800367c        0x0 linker stubs
 *(.glue_7t)
 .glue_7t       0x000000000800367c        0x0 linker stubs
 *(.eh_frame)
 .eh_frame      0x000000000800367c        0x0 D:/STMicroelectronics/STM32CubeIDE_1.14.0/STM32CubeIDE/plugins/com.st.stm32cube.ide.mcu.externaltools.gnu-tools-for-stm32.11.3.rel1.win32_1.1.100.202309141235/tools/bin/../lib/gcc/arm-none-eabi/11.3.1/thumb/v7e-m+fp/hard/crtbegin.o
 *(.init)
 .init          0x000000000800367c        0x4 D:/STMicroelectronics/STM32CubeIDE_1.14.0/STM32CubeIDE/plugins/com.st.stm32cube.ide.mcu.externaltools.gnu-tools-for-stm32.11.3.rel1.win32_1.1.100.202309141235/tools/bin/../lib/gcc/arm-none-eabi/11.3.1/thumb/v7e-m+fp/hard/crti.o
                0x000000000800367c                _init
 .init          0x0000000008003680        0x8 D:/STMicroelectronics/STM32CubeIDE_1.14.0/STM32CubeIDE/plugins/com.st.stm32cube.ide.mcu.externaltools.gnu-tools-for-stm32.11.3.rel1.win32_1.1.100.202309141235/tools/bin/../lib/gcc/arm-none-eabi/11.3.1/thumb/v7e-m+fp/hard/crtn.o
 *(.fini)
 .fini          0x0000000008003688        0x4 D:/STMicroelectronics/STM32CubeIDE_1.14.0/STM32CubeIDE/plugins/com.st.stm32cube.ide.mcu.externaltools.gnu-tools-for-stm32.11.3.rel1.win32_1.1.100.202309141235/tools/bin/../lib/gcc/arm-none-eabi/11.3.1/thumb/v7e-m+fp/hard/crti.o
                0x0000000008003688                _fini
 .fini          0x000000000800368c        0x8 D:/STMicroelectronics/STM32CubeIDE_1.14.0/STM32CubeIDE/plugins/com.st.stm32cube.ide.mcu.externaltools.gnu-tools-for-stm32.11.3.rel1.win32_1.1.100.202309141235/tools/bin/../lib/gcc/arm-none-eabi/11.3.1/thumb/v7e-m+fp/hard/crtn.o
                0x0000000008003694                . = ALIGN (0x4)
                0x0000000008003694                _etext = .

.vfp11_veneer   0x0000000008003694        0x0
 .vfp11_veneer  0x0000000008003694        0x0 linker stubs

.v4_bx          0x0000000008003694        0x0
 .v4_bx         0x0000000008003694        0x0 linker stubs

.iplt           0x0000000008003694        0x0
 .iplt          0x0000000008003694        0x0 D:/STMicroelectronics/STM32CubeIDE_1.14.0/STM32CubeIDE/plugins/com.st.stm32cube.ide.mcu.externaltools.gnu-tools-for-stm32.11.3.rel1.win32_1.1.100.202309141235/tools/bin/../lib/gcc/arm-none-eabi/11.3.1/thumb/v7e-m+fp/hard/crtbegin.o

.rodata         0x0000000008003694       0x60
                0x0000000008003694                . = ALIGN (0x4)
 *(.rodata)
 *(.rodata*)
 .rodata.AHBPrescTable
                0x0000000008003694       0x10 ./Core/Src/system_stm32f4xx.o
                0x0000000008003694                AHBPrescTable
 .rodata.APBPrescTable
                0x00000000080036a4        0x8 ./Core/Src/system_stm32f4xx.o
                0x00000000080036a4                APBPrescTable
 .rodata.QF_port_module_
                0x00000000080036ac        0x8 ./Middlewares/Third_Party/QuantumLeaps_RTEF_qpc/ports/arm-cm/qk/gnu/qk_port.o
                0x00000000080036ac                QF_port_module_
 .rodata.Q_this_module_
                0x00000000080036b4        0x8 ./Middlewares/Third_Party/QuantumLeaps_RTEF_qpc/src/qf/qep_hsm.o
 .rodata.QEvt_reserved_
                0x00000000080036bc       0x10 ./Middlewares/Third_Party/QuantumLeaps_RTEF_qpc/src/qf/qep_hsm.o
                0x00000000080036bc                QEvt_reserved_
 .rodata.vtable.0
                0x00000000080036cc        0xc ./Middlewares/Third_Party/QuantumLeaps_RTEF_qpc/src/qf/qep_hsm.o
 .rodata.Q_this_module_
                0x00000000080036d8        0x8 ./Middlewares/Third_Party/QuantumLeaps_RTEF_qpc/src/qf/qf_actq.o
 .rodata.Q_this_module_
                0x00000000080036e0        0x7 ./Middlewares/Third_Party/QuantumLeaps_RTEF_qpc/src/qf/qf_dyn.o
 *fill*         0x00000000080036e7        0x1 
 .rodata.Q_this_module_
                0x00000000080036e8        0x7 ./Middlewares/Third_Party/QuantumLeaps_RTEF_qpc/src/qf/qf_mem.o
 *fill*         0x00000000080036ef        0x1 
 .rodata.Q_this_module_
                0x00000000080036f0        0x3 ./Middlewares/Third_Party/QuantumLeaps_RTEF_qpc/src/qk/qk.o
                0x00000000080036f4                . = ALIGN (0x4)
 *fill*         0x00000000080036f3        0x1 

.ARM.extab      0x00000000080036f4        0x0
                0x00000000080036f4                . = ALIGN (0x4)
 *(.ARM.extab* .gnu.linkonce.armextab.*)
                0x00000000080036f4                . = ALIGN (0x4)

.ARM            0x00000000080036f4        0x8
                0x00000000080036f4                . = ALIGN (0x4)
                0x00000000080036f4                __exidx_start = .
 *(.ARM.exidx*)
 .ARM.exidx     0x00000000080036f4        0x8 D:/STMicroelectronics/STM32CubeIDE_1.14.0/STM32CubeIDE/plugins/com.st.stm32cube.ide.mcu.externaltools.gnu-tools-for-stm32.11.3.rel1.win32_1.1.100.202309141235/tools/bin/../lib/gcc/arm-none-eabi/11.3.1/thumb/v7e-m+fp/hard\libgcc.a(_udivmoddi4.o)
                0x00000000080036fc                __exidx_end = .
                0x00000000080036fc                . = ALIGN (0x4)

.rel.dyn        0x00000000080036fc        0x0
 .rel.iplt      0x00000000080036fc        0x0 D:/STMicroelectronics/STM32CubeIDE_1.14.0/STM32CubeIDE/plugins/com.st.stm32cube.ide.mcu.externaltools.gnu-tools-for-stm32.11.3.rel1.win32_1.1.100.202309141235/tools/bin/../lib/gcc/arm-none-eabi/11.3.1/thumb/v7e-m+fp/hard/crtbegin.o

.preinit_array  0x00000000080036fc        0x0
                0x00000000080036fc                . = ALIGN (0x4)
                0x00000000080036fc                PROVIDE (__preinit_array_start = .)
 *(.preinit_array*)
                0x00000000080036fc                PROVIDE (__preinit_array_end = .)
                0x00000000080036fc                . = ALIGN (0x4)

.init_array     0x00000000080036fc        0x4
                0x00000000080036fc                . = ALIGN (0x4)
                0x00000000080036fc                PROVIDE (__init_array_start = .)
 *(SORT_BY_NAME(.init_array.*))
 *(.init_array*)
 .init_array    0x00000000080036fc        0x4 D:/STMicroelectronics/STM32CubeIDE_1.14.0/STM32CubeIDE/plugins/com.st.stm32cube.ide.mcu.externaltools.gnu-tools-for-stm32.11.3.rel1.win32_1.1.100.202309141235/tools/bin/../lib/gcc/arm-none-eabi/11.3.1/thumb/v7e-m+fp/hard/crtbegin.o
                0x0000000008003700                PROVIDE (__init_array_end = .)
                0x0000000008003700                . = ALIGN (0x4)

.fini_array     0x0000000008003700        0x4
                0x0000000008003700                . = ALIGN (0x4)
                [!provide]                        PROVIDE (__fini_array_start = .)
 *(SORT_BY_NAME(.fini_array.*))
 *(.fini_array*)
 .fini_array    0x0000000008003700        0x4 D:/STMicroelectronics/STM32CubeIDE_1.14.0/STM32CubeIDE/plugins/com.st.stm32cube.ide.mcu.externaltools.gnu-tools-for-stm32.11.3.rel1.win32_1.1.100.202309141235/tools/bin/../lib/gcc/arm-none-eabi/11.3.1/thumb/v7e-m+fp/hard/crtbegin.o
                [!provide]                        PROVIDE (__fini_array_end = .)
                0x0000000008003704                . = ALIGN (0x4)
                0x0000000008003704                _sidata = LOADADDR (.data)

.data           0x0000000020000000        0xc load address 0x0000000008003704
                0x0000000020000000                . = ALIGN (0x4)
                0x0000000020000000                _sdata = .
 *(.data)
 *(.data*)
 .data.SystemCoreClock
                0x0000000020000000        0x4 ./Core/Src/system_stm32f4xx.o
                0x0000000020000000                SystemCoreClock
 .data.uwTickPrio
                0x0000000020000004        0x4 ./Drivers/STM32F4xx_HAL_Driver/Src/stm32f4xx_hal.o
                0x0000000020000004                uwTickPrio
 .data.uwTickFreq
                0x0000000020000008        0x1 ./Drivers/STM32F4xx_HAL_Driver/Src/stm32f4xx_hal.o
                0x0000000020000008                uwTickFreq
 *(.RamFunc)
 *(.RamFunc*)
                0x000000002000000c                . = ALIGN (0x4)
 *fill*         0x0000000020000009        0x3 
                0x000000002000000c                _edata = .

.igot.plt       0x000000002000000c        0x0 load address 0x0000000008003710
 .igot.plt      0x000000002000000c        0x0 D:/STMicroelectronics/STM32CubeIDE_1.14.0/STM32CubeIDE/plugins/com.st.stm32cube.ide.mcu.externaltools.gnu-tools-for-stm32.11.3.rel1.win32_1.1.100.202309141235/tools/bin/../lib/gcc/arm-none-eabi/11.3.1/thumb/v7e-m+fp/hard/crtbegin.o
                0x000000002000000c                . = ALIGN (0x4)

.bss            0x000000002000000c      0x1b0 load address 0x0000000008003710
                0x000000002000000c                _sbss = .
                0x000000002000000c                __bss_start__ = _sbss
 *(.bss)
 .bss           0x000000002000000c       0x1c D:/STMicroelectronics/STM32CubeIDE_1.14.0/STM32CubeIDE/plugins/com.st.stm32cube.ide.mcu.externaltools.gnu-tools-for-stm32.11.3.rel1.win32_1.1.100.202309141235/tools/bin/../lib/gcc/arm-none-eabi/11.3.1/thumb/v7e-m+fp/hard/crtbegin.o
 *(.bss*)
 .bss.Led_Control_obj
                0x0000000020000028       0x10 ./Core/Src/Quantum_Leaps/LED_Control.o
                0x0000000020000028                Led_Control_obj
 .bss.htim1     0x0000000020000038       0x48 ./Core/Src/main.o
                0x0000000020000038                htim1
 .bss.huart2    0x0000000020000080       0x48 ./Core/Src/main.o
                0x0000000020000080                huart2
 .bss.uwTick    0x00000000200000c8        0x4 ./Drivers/STM32F4xx_HAL_Driver/Src/stm32f4xx_hal.o
                0x00000000200000c8                uwTick
 .bss.QActive_registry_
                0x00000000200000cc       0x84 ./Middlewares/Third_Party/QuantumLeaps_RTEF_qpc/src/qf/qf_act.o
                0x00000000200000cc                QActive_registry_
 .bss.QF_priv_  0x0000000020000150       0x40 ./Middlewares/Third_Party/QuantumLeaps_RTEF_qpc/src/qf/qf_act.o
                0x0000000020000150                QF_priv_
 .bss.QK_priv_  0x0000000020000190       0x2c ./Middlewares/Third_Party/QuantumLeaps_RTEF_qpc/src/qk/qk.o
                0x0000000020000190                QK_priv_
 *(COMMON)
                0x00000000200001bc                . = ALIGN (0x4)
                0x00000000200001bc                _ebss = .
                0x00000000200001bc                __bss_end__ = _ebss

._user_heap_stack
                0x00000000200001bc      0x604 load address 0x0000000008003710
                0x00000000200001c0                . = ALIGN (0x8)
 *fill*         0x00000000200001bc        0x4 
                [!provide]                        PROVIDE (end = .)
                0x00000000200001c0                PROVIDE (_end = .)
                0x00000000200003c0                . = (. + _Min_Heap_Size)
 *fill*         0x00000000200001c0      0x200 
                0x00000000200007c0                . = (. + _Min_Stack_Size)
 *fill*         0x00000000200003c0      0x400 
                0x00000000200007c0                . = ALIGN (0x8)

/DISCARD/
 libc.a(*)
 libm.a(*)
 libgcc.a(*)

.ARM.attributes
                0x0000000000000000       0x30
 *(.ARM.attributes)
 .ARM.attributes
                0x0000000000000000       0x1e D:/STMicroelectronics/STM32CubeIDE_1.14.0/STM32CubeIDE/plugins/com.st.stm32cube.ide.mcu.externaltools.gnu-tools-for-stm32.11.3.rel1.win32_1.1.100.202309141235/tools/bin/../lib/gcc/arm-none-eabi/11.3.1/thumb/v7e-m+fp/hard/crti.o
 .ARM.attributes
                0x000000000000001e       0x34 D:/STMicroelectronics/STM32CubeIDE_1.14.0/STM32CubeIDE/plugins/com.st.stm32cube.ide.mcu.externaltools.gnu-tools-for-stm32.11.3.rel1.win32_1.1.100.202309141235/tools/bin/../lib/gcc/arm-none-eabi/11.3.1/thumb/v7e-m+fp/hard/crtbegin.o
 .ARM.attributes
                0x0000000000000052       0x34 ./Core/Src/Quantum_Leaps/LED_Control.o
 .ARM.attributes
                0x0000000000000086       0x34 ./Core/Src/main.o
 .ARM.attributes
                0x00000000000000ba       0x34 ./Core/Src/stm32f4xx_hal_msp.o
 .ARM.attributes
                0x00000000000000ee       0x34 ./Core/Src/stm32f4xx_it.o
 .ARM.attributes
                0x0000000000000122       0x34 ./Core/Src/system_stm32f4xx.o
 .ARM.attributes
                0x0000000000000156       0x21 ./Core/Startup/startup_stm32f446retx.o
 .ARM.attributes
                0x0000000000000177       0x34 ./Drivers/STM32F4xx_HAL_Driver/Src/stm32f4xx_hal.o
 .ARM.attributes
                0x00000000000001ab       0x34 ./Drivers/STM32F4xx_HAL_Driver/Src/stm32f4xx_hal_cortex.o
 .ARM.attributes
                0x00000000000001df       0x34 ./Drivers/STM32F4xx_HAL_Driver/Src/stm32f4xx_hal_gpio.o
 .ARM.attributes
                0x0000000000000213       0x34 ./Drivers/STM32F4xx_HAL_Driver/Src/stm32f4xx_hal_rcc.o
 .ARM.attributes
                0x0000000000000247       0x34 ./Drivers/STM32F4xx_HAL_Driver/Src/stm32f4xx_hal_rcc_ex.o
 .ARM.attributes
                0x000000000000027b       0x34 ./Drivers/STM32F4xx_HAL_Driver/Src/stm32f4xx_hal_tim.o
 .ARM.attributes
                0x00000000000002af       0x34 ./Drivers/STM32F4xx_HAL_Driver/Src/stm32f4xx_hal_tim_ex.o
 .ARM.attributes
                0x00000000000002e3       0x34 ./Drivers/STM32F4xx_HAL_Driver/Src/stm32f4xx_hal_uart.o
 .ARM.attributes
                0x0000000000000317       0x34 ./Middlewares/Third_Party/QuantumLeaps_RTEF_qpc/ports/arm-cm/qk/gnu/qk_port.o
 .ARM.attributes
                0x000000000000034b       0x34 ./Middlewares/Third_Party/QuantumLeaps_RTEF_qpc/src/qf/qep_hsm.o
 .ARM.attributes
                0x000000000000037f       0x34 ./Middlewares/Third_Party/QuantumLeaps_RTEF_qpc/src/qf/qf_act.o
 .ARM.attributes
                0x00000000000003b3       0x34 ./Middlewares/Third_Party/QuantumLeaps_RTEF_qpc/src/qf/qf_actq.o
 .ARM.attributes
                0x00000000000003e7       0x34 ./Middlewares/Third_Party/QuantumLeaps_RTEF_qpc/src/qf/qf_dyn.o
 .ARM.attributes
                0x000000000000041b       0x34 ./Middlewares/Third_Party/QuantumLeaps_RTEF_qpc/src/qf/qf_mem.o
 .ARM.attributes
                0x000000000000044f       0x34 ./Middlewares/Third_Party/QuantumLeaps_RTEF_qpc/src/qk/qk.o
 .ARM.attributes
                0x0000000000000483       0x34 D:/STMicroelectronics/STM32CubeIDE_1.14.0/STM32CubeIDE/plugins/com.st.stm32cube.ide.mcu.externaltools.gnu-tools-for-stm32.11.3.rel1.win32_1.1.100.202309141235/tools/bin/../lib/gcc/arm-none-eabi/11.3.1/../../../../arm-none-eabi/lib/thumb/v7e-m+fp/hard\libc_nano.a(libc_a-memset.o)
 .ARM.attributes
                0x00000000000004b7       0x34 D:/STMicroelectronics/STM32CubeIDE_1.14.0/STM32CubeIDE/plugins/com.st.stm32cube.ide.mcu.externaltools.gnu-tools-for-stm32.11.3.rel1.win32_1.1.100.202309141235/tools/bin/../lib/gcc/arm-none-eabi/11.3.1/../../../../arm-none-eabi/lib/thumb/v7e-m+fp/hard\libc_nano.a(libc_a-init.o)
 .ARM.attributes
                0x00000000000004eb       0x1e D:/STMicroelectronics/STM32CubeIDE_1.14.0/STM32CubeIDE/plugins/com.st.stm32cube.ide.mcu.externaltools.gnu-tools-for-stm32.11.3.rel1.win32_1.1.100.202309141235/tools/bin/../lib/gcc/arm-none-eabi/11.3.1/thumb/v7e-m+fp/hard\libgcc.a(_aeabi_uldivmod.o)
 .ARM.attributes
                0x0000000000000509       0x34 D:/STMicroelectronics/STM32CubeIDE_1.14.0/STM32CubeIDE/plugins/com.st.stm32cube.ide.mcu.externaltools.gnu-tools-for-stm32.11.3.rel1.win32_1.1.100.202309141235/tools/bin/../lib/gcc/arm-none-eabi/11.3.1/thumb/v7e-m+fp/hard\libgcc.a(_udivmoddi4.o)
 .ARM.attributes
                0x000000000000053d       0x1e D:/STMicroelectronics/STM32CubeIDE_1.14.0/STM32CubeIDE/plugins/com.st.stm32cube.ide.mcu.externaltools.gnu-tools-for-stm32.11.3.rel1.win32_1.1.100.202309141235/tools/bin/../lib/gcc/arm-none-eabi/11.3.1/thumb/v7e-m+fp/hard\libgcc.a(_dvmd_tls.o)
 .ARM.attributes
                0x000000000000055b       0x1e D:/STMicroelectronics/STM32CubeIDE_1.14.0/STM32CubeIDE/plugins/com.st.stm32cube.ide.mcu.externaltools.gnu-tools-for-stm32.11.3.rel1.win32_1.1.100.202309141235/tools/bin/../lib/gcc/arm-none-eabi/11.3.1/thumb/v7e-m+fp/hard/crtn.o
OUTPUT(LED_Intensity_Control.elf elf32-littlearm)
LOAD linker stubs
LOAD D:/STMicroelectronics/STM32CubeIDE_1.14.0/STM32CubeIDE/plugins/com.st.stm32cube.ide.mcu.externaltools.gnu-tools-for-stm32.11.3.rel1.win32_1.1.100.202309141235/tools/bin/../lib/gcc/arm-none-eabi/11.3.1/../../../../arm-none-eabi/lib/thumb/v7e-m+fp/hard\libc.a
LOAD D:/STMicroelectronics/STM32CubeIDE_1.14.0/STM32CubeIDE/plugins/com.st.stm32cube.ide.mcu.externaltools.gnu-tools-for-stm32.11.3.rel1.win32_1.1.100.202309141235/tools/bin/../lib/gcc/arm-none-eabi/11.3.1/../../../../arm-none-eabi/lib/thumb/v7e-m+fp/hard\libm.a
LOAD D:/STMicroelectronics/STM32CubeIDE_1.14.0/STM32CubeIDE/plugins/com.st.stm32cube.ide.mcu.externaltools.gnu-tools-for-stm32.11.3.rel1.win32_1.1.100.202309141235/tools/bin/../lib/gcc/arm-none-eabi/11.3.1/thumb/v7e-m+fp/hard\libgcc.a

.comment        0x0000000000000000       0x43
 .comment       0x0000000000000000       0x43 D:/STMicroelectronics/STM32CubeIDE_1.14.0/STM32CubeIDE/plugins/com.st.stm32cube.ide.mcu.externaltools.gnu-tools-for-stm32.11.3.rel1.win32_1.1.100.202309141235/tools/bin/../lib/gcc/arm-none-eabi/11.3.1/thumb/v7e-m+fp/hard/crtbegin.o
                                         0x44 (size before relaxing)
 .comment       0x0000000000000043       0x44 ./Core/Src/Quantum_Leaps/LED_Control.o
 .comment       0x0000000000000043       0x44 ./Core/Src/main.o
 .comment       0x0000000000000043       0x44 ./Core/Src/stm32f4xx_hal_msp.o
 .comment       0x0000000000000043       0x44 ./Core/Src/stm32f4xx_it.o
 .comment       0x0000000000000043       0x44 ./Core/Src/system_stm32f4xx.o
 .comment       0x0000000000000043       0x44 ./Drivers/STM32F4xx_HAL_Driver/Src/stm32f4xx_hal.o
 .comment       0x0000000000000043       0x44 ./Drivers/STM32F4xx_HAL_Driver/Src/stm32f4xx_hal_cortex.o
 .comment       0x0000000000000043       0x44 ./Drivers/STM32F4xx_HAL_Driver/Src/stm32f4xx_hal_gpio.o
 .comment       0x0000000000000043       0x44 ./Drivers/STM32F4xx_HAL_Driver/Src/stm32f4xx_hal_rcc.o
 .comment       0x0000000000000043       0x44 ./Drivers/STM32F4xx_HAL_Driver/Src/stm32f4xx_hal_rcc_ex.o
 .comment       0x0000000000000043       0x44 ./Drivers/STM32F4xx_HAL_Driver/Src/stm32f4xx_hal_tim.o
 .comment       0x0000000000000043       0x44 ./Drivers/STM32F4xx_HAL_Driver/Src/stm32f4xx_hal_tim_ex.o
 .comment       0x0000000000000043       0x44 ./Drivers/STM32F4xx_HAL_Driver/Src/stm32f4xx_hal_uart.o
 .comment       0x0000000000000043       0x44 ./Middlewares/Third_Party/QuantumLeaps_RTEF_qpc/ports/arm-cm/qk/gnu/qk_port.o
 .comment       0x0000000000000043       0x44 ./Middlewares/Third_Party/QuantumLeaps_RTEF_qpc/src/qf/qep_hsm.o
 .comment       0x0000000000000043       0x44 ./Middlewares/Third_Party/QuantumLeaps_RTEF_qpc/src/qf/qf_act.o
 .comment       0x0000000000000043       0x44 ./Middlewares/Third_Party/QuantumLeaps_RTEF_qpc/src/qf/qf_actq.o
 .comment       0x0000000000000043       0x44 ./Middlewares/Third_Party/QuantumLeaps_RTEF_qpc/src/qf/qf_dyn.o
 .comment       0x0000000000000043       0x44 ./Middlewares/Third_Party/QuantumLeaps_RTEF_qpc/src/qf/qf_mem.o
 .comment       0x0000000000000043       0x44 ./Middlewares/Third_Party/QuantumLeaps_RTEF_qpc/src/qk/qk.o

.debug_info     0x0000000000000000     0xfc89
 .debug_info    0x0000000000000000      0x6de ./Core/Src/Quantum_Leaps/LED_Control.o
 .debug_info    0x00000000000006de     0x10f8 ./Core/Src/main.o
 .debug_info    0x00000000000017d6      0xd2b ./Core/Src/stm32f4xx_hal_msp.o
 .debug_info    0x0000000000002501       0xf2 ./Core/Src/stm32f4xx_it.o
 .debug_info    0x00000000000025f3      0x54a ./Core/Src/system_stm32f4xx.o
 .debug_info    0x0000000000002b3d       0x23 ./Core/Startup/startup_stm32f446retx.o
 .debug_info    0x0000000000002b60      0x99a ./Drivers/STM32F4xx_HAL_Driver/Src/stm32f4xx_hal.o
 .debug_info    0x00000000000034fa      0xdaa ./Drivers/STM32F4xx_HAL_Driver/Src/stm32f4xx_hal_cortex.o
 .debug_info    0x00000000000042a4      0x70b ./Drivers/STM32F4xx_HAL_Driver/Src/stm32f4xx_hal_gpio.o
 .debug_info    0x00000000000049af      0x8eb ./Drivers/STM32F4xx_HAL_Driver/Src/stm32f4xx_hal_rcc.o
 .debug_info    0x000000000000529a      0x956 ./Drivers/STM32F4xx_HAL_Driver/Src/stm32f4xx_hal_rcc_ex.o
 .debug_info    0x0000000000005bf0     0x299d ./Drivers/STM32F4xx_HAL_Driver/Src/stm32f4xx_hal_tim.o
 .debug_info    0x000000000000858d     0x14db ./Drivers/STM32F4xx_HAL_Driver/Src/stm32f4xx_hal_tim_ex.o
 .debug_info    0x0000000000009a68     0x2f4f ./Drivers/STM32F4xx_HAL_Driver/Src/stm32f4xx_hal_uart.o
 .debug_info    0x000000000000c9b7      0x199 ./Middlewares/Third_Party/QuantumLeaps_RTEF_qpc/ports/arm-cm/qk/gnu/qk_port.o
 .debug_info    0x000000000000cb50      0x8ac ./Middlewares/Third_Party/QuantumLeaps_RTEF_qpc/src/qf/qep_hsm.o
 .debug_info    0x000000000000d3fc      0x6fb ./Middlewares/Third_Party/QuantumLeaps_RTEF_qpc/src/qf/qf_act.o
 .debug_info    0x000000000000daf7      0xb5e ./Middlewares/Third_Party/QuantumLeaps_RTEF_qpc/src/qf/qf_actq.o
 .debug_info    0x000000000000e655      0x5c2 ./Middlewares/Third_Party/QuantumLeaps_RTEF_qpc/src/qf/qf_dyn.o
 .debug_info    0x000000000000ec17      0x36b ./Middlewares/Third_Party/QuantumLeaps_RTEF_qpc/src/qf/qf_mem.o
 .debug_info    0x000000000000ef82      0xd07 ./Middlewares/Third_Party/QuantumLeaps_RTEF_qpc/src/qk/qk.o

.debug_abbrev   0x0000000000000000     0x2d94
 .debug_abbrev  0x0000000000000000      0x222 ./Core/Src/Quantum_Leaps/LED_Control.o
 .debug_abbrev  0x0000000000000222      0x2de ./Core/Src/main.o
 .debug_abbrev  0x0000000000000500      0x1d4 ./Core/Src/stm32f4xx_hal_msp.o
 .debug_abbrev  0x00000000000006d4       0x73 ./Core/Src/stm32f4xx_it.o
 .debug_abbrev  0x0000000000000747      0x11a ./Core/Src/system_stm32f4xx.o
 .debug_abbrev  0x0000000000000861       0x12 ./Core/Startup/startup_stm32f446retx.o
 .debug_abbrev  0x0000000000000873      0x214 ./Drivers/STM32F4xx_HAL_Driver/Src/stm32f4xx_hal.o
 .debug_abbrev  0x0000000000000a87      0x31d ./Drivers/STM32F4xx_HAL_Driver/Src/stm32f4xx_hal_cortex.o
 .debug_abbrev  0x0000000000000da4      0x1d4 ./Drivers/STM32F4xx_HAL_Driver/Src/stm32f4xx_hal_gpio.o
 .debug_abbrev  0x0000000000000f78      0x2b7 ./Drivers/STM32F4xx_HAL_Driver/Src/stm32f4xx_hal_rcc.o
 .debug_abbrev  0x000000000000122f      0x20a ./Drivers/STM32F4xx_HAL_Driver/Src/stm32f4xx_hal_rcc_ex.o
 .debug_abbrev  0x0000000000001439      0x278 ./Drivers/STM32F4xx_HAL_Driver/Src/stm32f4xx_hal_tim.o
 .debug_abbrev  0x00000000000016b1      0x283 ./Drivers/STM32F4xx_HAL_Driver/Src/stm32f4xx_hal_tim_ex.o
 .debug_abbrev  0x0000000000001934      0x30e ./Drivers/STM32F4xx_HAL_Driver/Src/stm32f4xx_hal_uart.o
 .debug_abbrev  0x0000000000001c42       0xe6 ./Middlewares/Third_Party/QuantumLeaps_RTEF_qpc/ports/arm-cm/qk/gnu/qk_port.o
 .debug_abbrev  0x0000000000001d28      0x308 ./Middlewares/Third_Party/QuantumLeaps_RTEF_qpc/src/qf/qep_hsm.o
 .debug_abbrev  0x0000000000002030      0x1fa ./Middlewares/Third_Party/QuantumLeaps_RTEF_qpc/src/qf/qf_act.o
 .debug_abbrev  0x000000000000222a      0x398 ./Middlewares/Third_Party/QuantumLeaps_RTEF_qpc/src/qf/qf_actq.o
 .debug_abbrev  0x00000000000025c2      0x278 ./Middlewares/Third_Party/QuantumLeaps_RTEF_qpc/src/qf/qf_dyn.o
 .debug_abbrev  0x000000000000283a      0x185 ./Middlewares/Third_Party/QuantumLeaps_RTEF_qpc/src/qf/qf_mem.o
 .debug_abbrev  0x00000000000029bf      0x3d5 ./Middlewares/Third_Party/QuantumLeaps_RTEF_qpc/src/qk/qk.o

.debug_aranges  0x0000000000000000      0xea8
 .debug_aranges
                0x0000000000000000       0x50 ./Core/Src/Quantum_Leaps/LED_Control.o
 .debug_aranges
                0x0000000000000050       0x50 ./Core/Src/main.o
 .debug_aranges
                0x00000000000000a0       0x40 ./Core/Src/stm32f4xx_hal_msp.o
 .debug_aranges
                0x00000000000000e0       0x50 ./Core/Src/stm32f4xx_it.o
 .debug_aranges
                0x0000000000000130       0x28 ./Core/Src/system_stm32f4xx.o
 .debug_aranges
                0x0000000000000158       0x28 ./Core/Startup/startup_stm32f446retx.o
 .debug_aranges
                0x0000000000000180       0xf0 ./Drivers/STM32F4xx_HAL_Driver/Src/stm32f4xx_hal.o
 .debug_aranges
                0x0000000000000270      0x130 ./Drivers/STM32F4xx_HAL_Driver/Src/stm32f4xx_hal_cortex.o
 .debug_aranges
                0x00000000000003a0       0x58 ./Drivers/STM32F4xx_HAL_Driver/Src/stm32f4xx_hal_gpio.o
 .debug_aranges
                0x00000000000003f8       0x88 ./Drivers/STM32F4xx_HAL_Driver/Src/stm32f4xx_hal_rcc.o
 .debug_aranges
                0x0000000000000480       0x78 ./Drivers/STM32F4xx_HAL_Driver/Src/stm32f4xx_hal_rcc_ex.o
 .debug_aranges
                0x00000000000004f8      0x3d0 ./Drivers/STM32F4xx_HAL_Driver/Src/stm32f4xx_hal_tim.o
 .debug_aranges
                0x00000000000008c8      0x168 ./Drivers/STM32F4xx_HAL_Driver/Src/stm32f4xx_hal_tim_ex.o
 .debug_aranges
                0x0000000000000a30      0x208 ./Drivers/STM32F4xx_HAL_Driver/Src/stm32f4xx_hal_uart.o
 .debug_aranges
                0x0000000000000c38       0x58 ./Middlewares/Third_Party/QuantumLeaps_RTEF_qpc/ports/arm-cm/qk/gnu/qk_port.o
 .debug_aranges
                0x0000000000000c90       0x58 ./Middlewares/Third_Party/QuantumLeaps_RTEF_qpc/src/qf/qep_hsm.o
 .debug_aranges
                0x0000000000000ce8       0x20 ./Middlewares/Third_Party/QuantumLeaps_RTEF_qpc/src/qf/qf_act.o
 .debug_aranges
                0x0000000000000d08       0x80 ./Middlewares/Third_Party/QuantumLeaps_RTEF_qpc/src/qf/qf_actq.o
 .debug_aranges
                0x0000000000000d88       0x70 ./Middlewares/Third_Party/QuantumLeaps_RTEF_qpc/src/qf/qf_dyn.o
 .debug_aranges
                0x0000000000000df8       0x30 ./Middlewares/Third_Party/QuantumLeaps_RTEF_qpc/src/qf/qf_mem.o
 .debug_aranges
                0x0000000000000e28       0x80 ./Middlewares/Third_Party/QuantumLeaps_RTEF_qpc/src/qk/qk.o

.debug_rnglists
                0x0000000000000000      0xb57
 .debug_rnglists
                0x0000000000000000       0x37 ./Core/Src/Quantum_Leaps/LED_Control.o
 .debug_rnglists
                0x0000000000000037       0x3a ./Core/Src/main.o
 .debug_rnglists
                0x0000000000000071       0x2d ./Core/Src/stm32f4xx_hal_msp.o
 .debug_rnglists
                0x000000000000009e       0x37 ./Core/Src/stm32f4xx_it.o
 .debug_rnglists
                0x00000000000000d5       0x1a ./Core/Src/system_stm32f4xx.o
 .debug_rnglists
                0x00000000000000ef       0x19 ./Core/Startup/startup_stm32f446retx.o
 .debug_rnglists
                0x0000000000000108       0xaf ./Drivers/STM32F4xx_HAL_Driver/Src/stm32f4xx_hal.o
 .debug_rnglists
                0x00000000000001b7       0xe0 ./Drivers/STM32F4xx_HAL_Driver/Src/stm32f4xx_hal_cortex.o
 .debug_rnglists
                0x0000000000000297       0x3f ./Drivers/STM32F4xx_HAL_Driver/Src/stm32f4xx_hal_gpio.o
 .debug_rnglists
                0x00000000000002d6       0x66 ./Drivers/STM32F4xx_HAL_Driver/Src/stm32f4xx_hal_rcc.o
 .debug_rnglists
                0x000000000000033c       0x5e ./Drivers/STM32F4xx_HAL_Driver/Src/stm32f4xx_hal_rcc_ex.o
 .debug_rnglists
                0x000000000000039a      0x31a ./Drivers/STM32F4xx_HAL_Driver/Src/stm32f4xx_hal_tim.o
 .debug_rnglists
                0x00000000000006b4      0x125 ./Drivers/STM32F4xx_HAL_Driver/Src/stm32f4xx_hal_tim_ex.o
 .debug_rnglists
                0x00000000000007d9      0x1bc ./Drivers/STM32F4xx_HAL_Driver/Src/stm32f4xx_hal_uart.o
 .debug_rnglists
                0x0000000000000995       0x3d ./Middlewares/Third_Party/QuantumLeaps_RTEF_qpc/ports/arm-cm/qk/gnu/qk_port.o
 .debug_rnglists
                0x00000000000009d2       0x41 ./Middlewares/Third_Party/QuantumLeaps_RTEF_qpc/src/qf/qep_hsm.o
 .debug_rnglists
                0x0000000000000a13       0x13 ./Middlewares/Third_Party/QuantumLeaps_RTEF_qpc/src/qf/qf_act.o
 .debug_rnglists
                0x0000000000000a26       0x5f ./Middlewares/Third_Party/QuantumLeaps_RTEF_qpc/src/qf/qf_actq.o
 .debug_rnglists
                0x0000000000000a85       0x52 ./Middlewares/Third_Party/QuantumLeaps_RTEF_qpc/src/qf/qf_dyn.o
 .debug_rnglists
                0x0000000000000ad7       0x21 ./Middlewares/Third_Party/QuantumLeaps_RTEF_qpc/src/qf/qf_mem.o
 .debug_rnglists
                0x0000000000000af8       0x5f ./Middlewares/Third_Party/QuantumLeaps_RTEF_qpc/src/qk/qk.o

.debug_macro    0x0000000000000000    0x21cad
 .debug_macro   0x0000000000000000       0xcf ./Core/Src/Quantum_Leaps/LED_Control.o
 .debug_macro   0x00000000000000cf      0xaa8 ./Core/Src/Quantum_Leaps/LED_Control.o
 .debug_macro   0x0000000000000b77       0x22 ./Core/Src/Quantum_Leaps/LED_Control.o
 .debug_macro   0x0000000000000b99       0x8e ./Core/Src/Quantum_Leaps/LED_Control.o
 .debug_macro   0x0000000000000c27       0x51 ./Core/Src/Quantum_Leaps/LED_Control.o
 .debug_macro   0x0000000000000c78      0x103 ./Core/Src/Quantum_Leaps/LED_Control.o
 .debug_macro   0x0000000000000d7b       0x6a ./Core/Src/Quantum_Leaps/LED_Control.o
 .debug_macro   0x0000000000000de5      0x1df ./Core/Src/Quantum_Leaps/LED_Control.o
 .debug_macro   0x0000000000000fc4       0x22 ./Core/Src/Quantum_Leaps/LED_Control.o
 .debug_macro   0x0000000000000fe6       0x74 ./Core/Src/Quantum_Leaps/LED_Control.o
 .debug_macro   0x000000000000105a       0x10 ./Core/Src/Quantum_Leaps/LED_Control.o
 .debug_macro   0x000000000000106a       0x1c ./Core/Src/Quantum_Leaps/LED_Control.o
 .debug_macro   0x0000000000001086      0x1b3 ./Core/Src/Quantum_Leaps/LED_Control.o
 .debug_macro   0x0000000000001239       0x79 ./Core/Src/Quantum_Leaps/LED_Control.o
 .debug_macro   0x00000000000012b2      0x106 ./Core/Src/Quantum_Leaps/LED_Control.o
 .debug_macro   0x00000000000013b8       0x90 ./Core/Src/Quantum_Leaps/LED_Control.o
 .debug_macro   0x0000000000001448      0x23f ./Core/Src/main.o
 .debug_macro   0x0000000000001687      0x29b ./Core/Src/main.o
 .debug_macro   0x0000000000001922       0x2e ./Core/Src/main.o
 .debug_macro   0x0000000000001950       0x28 ./Core/Src/main.o
 .debug_macro   0x0000000000001978       0x1c ./Core/Src/main.o
 .debug_macro   0x0000000000001994       0x22 ./Core/Src/main.o
 .debug_macro   0x00000000000019b6       0xfb ./Core/Src/main.o
 .debug_macro   0x0000000000001ab1     0x1011 ./Core/Src/main.o
 .debug_macro   0x0000000000002ac2      0x11f ./Core/Src/main.o
 .debug_macro   0x0000000000002be1    0x16749 ./Core/Src/main.o
 .debug_macro   0x000000000001932a       0x6d ./Core/Src/main.o
 .debug_macro   0x0000000000019397     0x369a ./Core/Src/main.o
 .debug_macro   0x000000000001ca31      0x174 ./Core/Src/main.o
 .debug_macro   0x000000000001cba5       0x5c ./Core/Src/main.o
 .debug_macro   0x000000000001cc01      0xca5 ./Core/Src/main.o
 .debug_macro   0x000000000001d8a6      0x9e9 ./Core/Src/main.o
 .debug_macro   0x000000000001e28f      0x115 ./Core/Src/main.o
 .debug_macro   0x000000000001e3a4      0x1a0 ./Core/Src/main.o
 .debug_macro   0x000000000001e544       0xa5 ./Core/Src/main.o
 .debug_macro   0x000000000001e5e9      0x16d ./Core/Src/main.o
 .debug_macro   0x000000000001e756      0x287 ./Core/Src/main.o
 .debug_macro   0x000000000001e9dd       0x5f ./Core/Src/main.o
 .debug_macro   0x000000000001ea3c      0x236 ./Core/Src/main.o
 .debug_macro   0x000000000001ec72      0x132 ./Core/Src/main.o
 .debug_macro   0x000000000001eda4      0x29c ./Core/Src/main.o
 .debug_macro   0x000000000001f040       0x2e ./Core/Src/main.o
 .debug_macro   0x000000000001f06e      0x127 ./Core/Src/main.o
 .debug_macro   0x000000000001f195       0xe8 ./Core/Src/main.o
 .debug_macro   0x000000000001f27d       0x89 ./Core/Src/main.o
 .debug_macro   0x000000000001f306      0x8ed ./Core/Src/main.o
 .debug_macro   0x000000000001fbf3       0x53 ./Core/Src/main.o
 .debug_macro   0x000000000001fc46      0x2aa ./Core/Src/main.o
 .debug_macro   0x000000000001fef0      0x126 ./Core/Src/main.o
 .debug_macro   0x0000000000020016       0x64 ./Core/Src/main.o
 .debug_macro   0x000000000002007a      0x1dd ./Core/Src/stm32f4xx_hal_msp.o
 .debug_macro   0x0000000000020257      0x1e7 ./Core/Src/stm32f4xx_it.o
 .debug_macro   0x000000000002043e      0x1ce ./Core/Src/system_stm32f4xx.o
 .debug_macro   0x000000000002060c      0x22e ./Drivers/STM32F4xx_HAL_Driver/Src/stm32f4xx_hal.o
 .debug_macro   0x000000000002083a      0x1ce ./Drivers/STM32F4xx_HAL_Driver/Src/stm32f4xx_hal_cortex.o
 .debug_macro   0x0000000000020a08      0x1d4 ./Drivers/STM32F4xx_HAL_Driver/Src/stm32f4xx_hal_gpio.o
 .debug_macro   0x0000000000020bdc      0x1f2 ./Drivers/STM32F4xx_HAL_Driver/Src/stm32f4xx_hal_rcc.o
 .debug_macro   0x0000000000020dce      0x1ce ./Drivers/STM32F4xx_HAL_Driver/Src/stm32f4xx_hal_rcc_ex.o
 .debug_macro   0x0000000000020f9c      0x1cf ./Drivers/STM32F4xx_HAL_Driver/Src/stm32f4xx_hal_tim.o
 .debug_macro   0x000000000002116b      0x1ce ./Drivers/STM32F4xx_HAL_Driver/Src/stm32f4xx_hal_tim_ex.o
 .debug_macro   0x0000000000021339      0x1cf ./Drivers/STM32F4xx_HAL_Driver/Src/stm32f4xx_hal_uart.o
 .debug_macro   0x0000000000021508       0xe8 ./Middlewares/Third_Party/QuantumLeaps_RTEF_qpc/ports/arm-cm/qk/gnu/qk_port.o
 .debug_macro   0x00000000000215f0       0x50 ./Middlewares/Third_Party/QuantumLeaps_RTEF_qpc/ports/arm-cm/qk/gnu/qk_port.o
 .debug_macro   0x0000000000021640       0xd6 ./Middlewares/Third_Party/QuantumLeaps_RTEF_qpc/src/qf/qep_hsm.o
 .debug_macro   0x0000000000021716       0x28 ./Middlewares/Third_Party/QuantumLeaps_RTEF_qpc/src/qf/qep_hsm.o
 .debug_macro   0x000000000002173e      0x19b ./Middlewares/Third_Party/QuantumLeaps_RTEF_qpc/src/qf/qep_hsm.o
 .debug_macro   0x00000000000218d9       0xc4 ./Middlewares/Third_Party/QuantumLeaps_RTEF_qpc/src/qf/qf_act.o
 .debug_macro   0x000000000002199d       0xc4 ./Middlewares/Third_Party/QuantumLeaps_RTEF_qpc/src/qf/qf_actq.o
 .debug_macro   0x0000000000021a61       0xc4 ./Middlewares/Third_Party/QuantumLeaps_RTEF_qpc/src/qf/qf_dyn.o
 .debug_macro   0x0000000000021b25       0xc4 ./Middlewares/Third_Party/QuantumLeaps_RTEF_qpc/src/qf/qf_mem.o
 .debug_macro   0x0000000000021be9       0xc4 ./Middlewares/Third_Party/QuantumLeaps_RTEF_qpc/src/qk/qk.o

.debug_line     0x0000000000000000    0x12775
 .debug_line    0x0000000000000000      0x6c7 ./Core/Src/Quantum_Leaps/LED_Control.o
 .debug_line    0x00000000000006c7      0xa31 ./Core/Src/main.o
 .debug_line    0x00000000000010f8      0x884 ./Core/Src/stm32f4xx_hal_msp.o
 .debug_line    0x000000000000197c      0x880 ./Core/Src/stm32f4xx_it.o
 .debug_line    0x00000000000021fc      0x86b ./Core/Src/system_stm32f4xx.o
 .debug_line    0x0000000000002a67       0x7a ./Core/Startup/startup_stm32f446retx.o
 .debug_line    0x0000000000002ae1      0xad1 ./Drivers/STM32F4xx_HAL_Driver/Src/stm32f4xx_hal.o
 .debug_line    0x00000000000035b2      0xdcb ./Drivers/STM32F4xx_HAL_Driver/Src/stm32f4xx_hal_cortex.o
 .debug_line    0x000000000000437d      0xc31 ./Drivers/STM32F4xx_HAL_Driver/Src/stm32f4xx_hal_gpio.o
 .debug_line    0x0000000000004fae      0xe6e ./Drivers/STM32F4xx_HAL_Driver/Src/stm32f4xx_hal_rcc.o
 .debug_line    0x0000000000005e1c     0x14db ./Drivers/STM32F4xx_HAL_Driver/Src/stm32f4xx_hal_rcc_ex.o
 .debug_line    0x00000000000072f7     0x385d ./Drivers/STM32F4xx_HAL_Driver/Src/stm32f4xx_hal_tim.o
 .debug_line    0x000000000000ab54     0x1acd ./Drivers/STM32F4xx_HAL_Driver/Src/stm32f4xx_hal_tim_ex.o
 .debug_line    0x000000000000c621     0x298e ./Drivers/STM32F4xx_HAL_Driver/Src/stm32f4xx_hal_uart.o
 .debug_line    0x000000000000efaf      0x66b ./Middlewares/Third_Party/QuantumLeaps_RTEF_qpc/ports/arm-cm/qk/gnu/qk_port.o
 .debug_line    0x000000000000f61a      0x9c0 ./Middlewares/Third_Party/QuantumLeaps_RTEF_qpc/src/qf/qep_hsm.o
 .debug_line    0x000000000000ffda      0x5e3 ./Middlewares/Third_Party/QuantumLeaps_RTEF_qpc/src/qf/qf_act.o
 .debug_line    0x00000000000105bd      0x93d ./Middlewares/Third_Party/QuantumLeaps_RTEF_qpc/src/qf/qf_actq.o
 .debug_line    0x0000000000010efa      0x816 ./Middlewares/Third_Party/QuantumLeaps_RTEF_qpc/src/qf/qf_dyn.o
 .debug_line    0x0000000000011710      0x718 ./Middlewares/Third_Party/QuantumLeaps_RTEF_qpc/src/qf/qf_mem.o
 .debug_line    0x0000000000011e28      0x94d ./Middlewares/Third_Party/QuantumLeaps_RTEF_qpc/src/qk/qk.o

.debug_str      0x0000000000000000    0xd0538
 .debug_str     0x0000000000000000     0x5eff ./Core/Src/Quantum_Leaps/LED_Control.o
                                       0x6092 (size before relaxing)
 .debug_str     0x0000000000005eff    0xc63a3 ./Core/Src/main.o
                                      0xcc2d9 (size before relaxing)
 .debug_str     0x00000000000cc2a2       0xb3 ./Core/Src/stm32f4xx_hal_msp.o
                                      0xca004 (size before relaxing)
 .debug_str     0x00000000000cc355       0xae ./Core/Src/stm32f4xx_it.o
                                      0xc9709 (size before relaxing)
 .debug_str     0x00000000000cc403       0xdb ./Core/Src/system_stm32f4xx.o
                                      0xc970b (size before relaxing)
 .debug_str     0x00000000000cc4de       0x34 ./Core/Startup/startup_stm32f446retx.o
                                         0x77 (size before relaxing)
 .debug_str     0x00000000000cc512      0xb1b ./Drivers/STM32F4xx_HAL_Driver/Src/stm32f4xx_hal.o
                                      0xca2d0 (size before relaxing)
 .debug_str     0x00000000000cd02d      0x392 ./Drivers/STM32F4xx_HAL_Driver/Src/stm32f4xx_hal_cortex.o
                                      0xca027 (size before relaxing)
 .debug_str     0x00000000000cd3bf      0x11c ./Drivers/STM32F4xx_HAL_Driver/Src/stm32f4xx_hal_gpio.o
                                      0xc9886 (size before relaxing)
 .debug_str     0x00000000000cd4db      0x233 ./Drivers/STM32F4xx_HAL_Driver/Src/stm32f4xx_hal_rcc.o
                                      0xc9b44 (size before relaxing)
 .debug_str     0x00000000000cd70e      0x324 ./Drivers/STM32F4xx_HAL_Driver/Src/stm32f4xx_hal_rcc_ex.o
                                      0xc9b77 (size before relaxing)
 .debug_str     0x00000000000cda32      0xe67 ./Drivers/STM32F4xx_HAL_Driver/Src/stm32f4xx_hal_tim.o
                                      0xcaa70 (size before relaxing)
 .debug_str     0x00000000000ce899      0x493 ./Drivers/STM32F4xx_HAL_Driver/Src/stm32f4xx_hal_tim_ex.o
                                      0xca27c (size before relaxing)
 .debug_str     0x00000000000ced2c      0x636 ./Drivers/STM32F4xx_HAL_Driver/Src/stm32f4xx_hal_uart.o
                                      0xca0fb (size before relaxing)
 .debug_str     0x00000000000cf362      0x593 ./Middlewares/Third_Party/QuantumLeaps_RTEF_qpc/ports/arm-cm/qk/gnu/qk_port.o
                                       0x59c4 (size before relaxing)
 .debug_str     0x00000000000cf8f5      0x60e ./Middlewares/Third_Party/QuantumLeaps_RTEF_qpc/src/qf/qep_hsm.o
                                       0x6547 (size before relaxing)
 .debug_str     0x00000000000cff03      0x12b ./Middlewares/Third_Party/QuantumLeaps_RTEF_qpc/src/qf/qf_act.o
                                       0x6333 (size before relaxing)
 .debug_str     0x00000000000d002e      0x20a ./Middlewares/Third_Party/QuantumLeaps_RTEF_qpc/src/qf/qf_actq.o
                                       0x64fd (size before relaxing)
 .debug_str     0x00000000000d0238      0x10d ./Middlewares/Third_Party/QuantumLeaps_RTEF_qpc/src/qf/qf_dyn.o
                                       0x625f (size before relaxing)
 .debug_str     0x00000000000d0345       0x57 ./Middlewares/Third_Party/QuantumLeaps_RTEF_qpc/src/qf/qf_mem.o
                                       0x616f (size before relaxing)
 .debug_str     0x00000000000d039c      0x19c ./Middlewares/Third_Party/QuantumLeaps_RTEF_qpc/src/qk/qk.o
                                       0x663f (size before relaxing)

.debug_frame    0x0000000000000000     0x3bac
 .debug_frame   0x0000000000000000      0x11c ./Core/Src/Quantum_Leaps/LED_Control.o
 .debug_frame   0x000000000000011c       0xe8 ./Core/Src/main.o
 .debug_frame   0x0000000000000204       0xc4 ./Core/Src/stm32f4xx_hal_msp.o
 .debug_frame   0x00000000000002c8       0xcc ./Core/Src/stm32f4xx_it.o
 .debug_frame   0x0000000000000394       0x58 ./Core/Src/system_stm32f4xx.o
 .debug_frame   0x00000000000003ec      0x374 ./Drivers/STM32F4xx_HAL_Driver/Src/stm32f4xx_hal.o
 .debug_frame   0x0000000000000760      0x508 ./Drivers/STM32F4xx_HAL_Driver/Src/stm32f4xx_hal_cortex.o
 .debug_frame   0x0000000000000c68      0x14c ./Drivers/STM32F4xx_HAL_Driver/Src/stm32f4xx_hal_gpio.o
 .debug_frame   0x0000000000000db4      0x1f4 ./Drivers/STM32F4xx_HAL_Driver/Src/stm32f4xx_hal_rcc.o
 .debug_frame   0x0000000000000fa8      0x1e8 ./Drivers/STM32F4xx_HAL_Driver/Src/stm32f4xx_hal_rcc_ex.o
 .debug_frame   0x0000000000001190     0x11c0 ./Drivers/STM32F4xx_HAL_Driver/Src/stm32f4xx_hal_tim.o
 .debug_frame   0x0000000000002350      0x638 ./Drivers/STM32F4xx_HAL_Driver/Src/stm32f4xx_hal_tim_ex.o
 .debug_frame   0x0000000000002988      0x954 ./Drivers/STM32F4xx_HAL_Driver/Src/stm32f4xx_hal_uart.o
 .debug_frame   0x00000000000032dc       0xa8 ./Middlewares/Third_Party/QuantumLeaps_RTEF_qpc/ports/arm-cm/qk/gnu/qk_port.o
 .debug_frame   0x0000000000003384      0x13c ./Middlewares/Third_Party/QuantumLeaps_RTEF_qpc/src/qf/qep_hsm.o
 .debug_frame   0x00000000000034c0       0x38 ./Middlewares/Third_Party/QuantumLeaps_RTEF_qpc/src/qf/qf_act.o
 .debug_frame   0x00000000000034f8      0x1f8 ./Middlewares/Third_Party/QuantumLeaps_RTEF_qpc/src/qf/qf_actq.o
 .debug_frame   0x00000000000036f0      0x1ac ./Middlewares/Third_Party/QuantumLeaps_RTEF_qpc/src/qf/qf_dyn.o
 .debug_frame   0x000000000000389c       0x7c ./Middlewares/Third_Party/QuantumLeaps_RTEF_qpc/src/qf/qf_mem.o
 .debug_frame   0x0000000000003918      0x1e8 ./Middlewares/Third_Party/QuantumLeaps_RTEF_qpc/src/qk/qk.o
 .debug_frame   0x0000000000003b00       0x20 D:/STMicroelectronics/STM32CubeIDE_1.14.0/STM32CubeIDE/plugins/com.st.stm32cube.ide.mcu.externaltools.gnu-tools-for-stm32.11.3.rel1.win32_1.1.100.202309141235/tools/bin/../lib/gcc/arm-none-eabi/11.3.1/../../../../arm-none-eabi/lib/thumb/v7e-m+fp/hard\libc_nano.a(libc_a-memset.o)
 .debug_frame   0x0000000000003b20       0x2c D:/STMicroelectronics/STM32CubeIDE_1.14.0/STM32CubeIDE/plugins/com.st.stm32cube.ide.mcu.externaltools.gnu-tools-for-stm32.11.3.rel1.win32_1.1.100.202309141235/tools/bin/../lib/gcc/arm-none-eabi/11.3.1/../../../../arm-none-eabi/lib/thumb/v7e-m+fp/hard\libc_nano.a(libc_a-init.o)
 .debug_frame   0x0000000000003b4c       0x2c D:/STMicroelectronics/STM32CubeIDE_1.14.0/STM32CubeIDE/plugins/com.st.stm32cube.ide.mcu.externaltools.gnu-tools-for-stm32.11.3.rel1.win32_1.1.100.202309141235/tools/bin/../lib/gcc/arm-none-eabi/11.3.1/thumb/v7e-m+fp/hard\libgcc.a(_aeabi_uldivmod.o)
 .debug_frame   0x0000000000003b78       0x34 D:/STMicroelectronics/STM32CubeIDE_1.14.0/STM32CubeIDE/plugins/com.st.stm32cube.ide.mcu.externaltools.gnu-tools-for-stm32.11.3.rel1.win32_1.1.100.202309141235/tools/bin/../lib/gcc/arm-none-eabi/11.3.1/thumb/v7e-m+fp/hard\libgcc.a(_udivmoddi4.o)

.debug_line_str
                0x0000000000000000       0x6b
 .debug_line_str
                0x0000000000000000       0x6b ./Core/Startup/startup_stm32f446retx.o
                                         0x83 (size before relaxing)
