../Drivers/CMSIS/Include/core_cm4.h:1653:22:__NVIC_SetPriorityGrouping	24	static
../Drivers/CMSIS/Include/core_cm4.h:1814:22:__NVIC_SetPriority	16	static
../Drivers/CMSIS/Include/core_cm4.h:2022:26:SysTick_Config	16	static
../Core/Src/bsp.c:52:12:Q_onError	16	static
../Core/Src/bsp.c:72:6:assert_failed	16	static
../Core/Src/bsp.c:78:6:SysTick_Handler	8	static,ignoring_inline_asm
../Core/Src/bsp.c:89:6:BSP_init	4	static
../Core/Src/bsp.c:125:6:BSP_start	24	static
../Core/Src/bsp.c:146:6:BSP_ledOn	8	static
../Core/Src/bsp.c:151:6:BSP_ledOff	8	static
../Core/Src/bsp.c:156:6:BSP_terminate	16	static
../Core/Src/bsp.c:162:6:QF_onStartup	8	static
../Core/Src/bsp.c:183:6:QF_onCleanup	4	static
../Core/Src/bsp.c:186:6:QK_onIdle	4	static
