../Core/Src/Quantum_Leaps/Led_Control.c:49:6:ctor_Led_Control	16	static
../Core/Src/Quantum_Leaps/Led_Control.c:61:8:Led_Contol_initial	16	static
../Core/Src/Quantum_Leaps/Led_Control.c:68:8:Led_Contol_off	24	static
../Core/Src/Quantum_Leaps/Led_Control.c:93:8:Led_Contol_On	24	static
../Core/Src/Quantum_Leaps/Led_Control.c:125:6:LED_Intencity_Control	16	static
../Core/Src/Quantum_Leaps/Led_Control.c:132:6:Led_On	8	static
../Core/Src/Quantum_Leaps/Led_Control.c:139:6:Led_off	8	static
../Core/Src/Quantum_Leaps/Led_Control.c:149:8:button_initial	16	static
../Core/Src/Quantum_Leaps/Led_Control.c:157:8:button_button	24	static
../Core/Src/Quantum_Leaps/Led_Control.c:169:8:button_DIM	24	static
../Core/Src/Quantum_Leaps/Led_Control.c:191:8:button_MIDIUM	24	static
../Core/Src/Quantum_Leaps/Led_Control.c:213:8:button_FULL	24	static
../Core/Src/Quantum_Leaps/Led_Control.c:237:6:button_ctor	16	static
