../Drivers/CMSIS/Include/core_cm4.h:1653:22:__NVIC_SetPriorityGrouping	24	static
../Drivers/CMSIS/Include/core_cm4.h:1814:22:__NVIC_SetPriority	16	static
../Drivers/CMSIS/Include/core_cm4.h:2022:26:SysTick_Config	16	static
../Core/Src/Quantum_Leaps/main.c:72:5:main	24	static
../Core/Src/Quantum_Leaps/main.c:133:6:SystemClock_Config	88	static
../Core/Src/Quantum_Leaps/main.c:181:13:MX_TIM2_Init	32	static
../Core/Src/Quantum_Leaps/main.c:226:13:MX_USART2_UART_Init	8	static
../Core/Src/Quantum_Leaps/main.c:259:13:MX_GPIO_Init	48	static
../Core/Src/Quantum_Leaps/main.c:293:6:SysTick_Handler	8	static,ignoring_inline_asm
../Core/Src/Quantum_Leaps/main.c:300:12:Q_onError	16	static
../Core/Src/Quantum_Leaps/main.c:318:6:QF_onStartup	8	static
../Core/Src/Quantum_Leaps/main.c:339:6:QF_onCleanup	4	static
../Core/Src/Quantum_Leaps/main.c:342:6:QK_onIdle	4	static
../Core/Src/Quantum_Leaps/main.c:370:6:HAL_TIM_PeriodElapsedCallback	16	static
../Core/Src/Quantum_Leaps/main.c:388:6:Error_Handler	4	static,ignoring_inline_asm
